Component: ARM Compiler 5.06 update 7 (build 960) Tool: armlink [4d3601]

==============================================================================

Section Cross References

    main.o(i.button_press_isr) refers to leds.o(i.leds_set) for leds_set
    main.o(i.button_press_isr) refers to main.o(.data) for blue
    main.o(i.main) refers to queue.o(i.queue_init) for queue_init
    main.o(i.main) refers to uart.o(i.uart_init) for uart_init
    main.o(i.main) refers to uart.o(i.uart_set_rx_callback) for uart_set_rx_callback
    main.o(i.main) refers to uart.o(i.uart_enable) for uart_enable
    main.o(i.main) refers to leds.o(i.leds_init) for leds_init
    main.o(i.main) refers to timer.o(i.timer_init) for timer_init
    main.o(i.main) refers to timer.o(i.timer_set_callback) for timer_set_callback
    main.o(i.main) refers to timer.o(i.timer_enable) for timer_enable
    main.o(i.main) refers to gpio.o(i.gpio_set_mode) for gpio_set_mode
    main.o(i.main) refers to gpio.o(i.gpio_set_callback) for gpio_set_callback
    main.o(i.main) refers to gpio.o(i.gpio_set_trigger) for gpio_set_trigger
    main.o(i.main) refers to uart.o(i.uart_print) for uart_print
    main.o(i.main) refers to delay.o(i.delay_ms) for delay_ms
    main.o(i.main) refers to queue.o(i.queue_dequeue) for queue_dequeue
    main.o(i.main) refers to uart.o(i.uart_tx) for uart_tx
    main.o(i.main) refers to main.o(.bss) for rx_queue
    main.o(i.main) refers to main.o(i.uart_rx_isr) for uart_rx_isr
    main.o(i.main) refers to main.o(i.timer_callback_isr) for timer_callback_isr
    main.o(i.main) refers to main.o(i.button_press_isr) for button_press_isr
    main.o(i.main) refers to main.o(.data) for lightsOn
    main.o(i.timer_callback_isr) refers to leds.o(i.leds_set) for leds_set
    main.o(i.timer_callback_isr) refers to main.o(.data) for lightsOn
    main.o(i.uart_rx_isr) refers to queue.o(i.queue_enqueue) for queue_enqueue
    main.o(i.uart_rx_isr) refers to main.o(.bss) for rx_queue
    queue.o(i.queue_dequeue) refers to queue.o(i.queue_is_empty) for queue_is_empty
    queue.o(i.queue_enqueue) refers to queue.o(i.queue_is_full) for queue_is_full
    queue.o(i.queue_init) refers to h1_alloc.o(.text) for malloc
    delay.o(i.delay_ms) refers to delay.o(.emb_text) for delay_cycles
    delay.o(i.delay_ms) refers to system_stm32f4xx.o(.data) for SystemCoreClock
    delay.o(i.delay_us) refers to delay.o(.emb_text) for delay_cycles
    delay.o(i.delay_us) refers to system_stm32f4xx.o(.data) for SystemCoreClock
    leds.o(i.leds_init) refers to gpio.o(i.gpio_set_mode) for gpio_set_mode
    leds.o(i.leds_init) refers to leds.o(i.leds_set) for leds_set
    leds.o(i.leds_set) refers to gpio.o(i.gpio_set) for gpio_set
    gpio.o(i.EXTI0_IRQHandler) refers to gpio.o(i.__NVIC_ClearPendingIRQ) for __NVIC_ClearPendingIRQ
    gpio.o(i.EXTI0_IRQHandler) refers to gpio.o(.data) for IRQ_port_num
    gpio.o(i.EXTI15_10_IRQHandler) refers to gpio.o(i.__NVIC_ClearPendingIRQ) for __NVIC_ClearPendingIRQ
    gpio.o(i.EXTI15_10_IRQHandler) refers to gpio.o(.data) for IRQ_port_num
    gpio.o(i.EXTI1_IRQHandler) refers to gpio.o(i.__NVIC_ClearPendingIRQ) for __NVIC_ClearPendingIRQ
    gpio.o(i.EXTI1_IRQHandler) refers to gpio.o(.data) for IRQ_port_num
    gpio.o(i.EXTI2_IRQHandler) refers to gpio.o(i.__NVIC_ClearPendingIRQ) for __NVIC_ClearPendingIRQ
    gpio.o(i.EXTI2_IRQHandler) refers to gpio.o(.data) for IRQ_port_num
    gpio.o(i.EXTI3_IRQHandler) refers to gpio.o(i.__NVIC_ClearPendingIRQ) for __NVIC_ClearPendingIRQ
    gpio.o(i.EXTI3_IRQHandler) refers to gpio.o(.data) for IRQ_port_num
    gpio.o(i.EXTI4_IRQHandler) refers to gpio.o(i.__NVIC_ClearPendingIRQ) for __NVIC_ClearPendingIRQ
    gpio.o(i.EXTI4_IRQHandler) refers to gpio.o(.data) for IRQ_port_num
    gpio.o(i.EXTI9_5_IRQHandler) refers to gpio.o(i.__NVIC_ClearPendingIRQ) for __NVIC_ClearPendingIRQ
    gpio.o(i.EXTI9_5_IRQHandler) refers to gpio.o(.data) for IRQ_port_num
    gpio.o(i.gpio_set_callback) refers to gpio.o(i.__NVIC_GetPriorityGrouping) for __NVIC_GetPriorityGrouping
    gpio.o(i.gpio_set_callback) refers to gpio.o(i.NVIC_EncodePriority) for NVIC_EncodePriority
    gpio.o(i.gpio_set_callback) refers to gpio.o(i.__NVIC_SetPriority) for __NVIC_SetPriority
    gpio.o(i.gpio_set_callback) refers to gpio.o(i.__NVIC_EnableIRQ) for __NVIC_EnableIRQ
    gpio.o(i.gpio_set_callback) refers to gpio.o(.data) for IRQ_status
    gpio.o(i.gpio_toggle) refers to gpio.o(i.gpio_get) for gpio_get
    gpio.o(i.gpio_toggle) refers to gpio.o(i.gpio_set) for gpio_set
    stm32f4xx_adc.o(i.ADC_DeInit) refers to stm32f4xx_rcc.o(i.RCC_APB2PeriphResetCmd) for RCC_APB2PeriphResetCmd
    stm32f4xx_gpio.o(i.GPIO_DeInit) refers to stm32f4xx_rcc.o(i.RCC_AHB1PeriphResetCmd) for RCC_AHB1PeriphResetCmd
    stm32f4xx_i2c.o(i.I2C_DeInit) refers to stm32f4xx_rcc.o(i.RCC_APB1PeriphResetCmd) for RCC_APB1PeriphResetCmd
[...]
    libinit.o(.ARM.Collect$$libinit$$00000000) refers (Special) to libinit2.o(.ARM.Collect$$libinit$$00000019) for __rt_lib_init_lc_time_1
    libinit.o(.ARM.Collect$$libinit$$00000000) refers (Special) to libinit2.o(.ARM.Collect$$libinit$$00000004) for __rt_lib_init_preinit_1
    libinit.o(.ARM.Collect$$libinit$$00000000) refers (Special) to libinit2.o(.ARM.Collect$$libinit$$0000000E) for __rt_lib_init_rand_1
    libinit.o(.ARM.Collect$$libinit$$00000000) refers (Special) to libinit2.o(.ARM.Collect$$libinit$$00000033) for __rt_lib_init_return
    libinit.o(.ARM.Collect$$libinit$$00000000) refers (Special) to libinit2.o(.ARM.Collect$$libinit$$0000001D) for __rt_lib_init_signal_1
    libinit.o(.ARM.Collect$$libinit$$00000000) refers (Special) to libinit2.o(.ARM.Collect$$libinit$$00000025) for __rt_lib_init_stdio_1
    libinit.o(.ARM.Collect$$libinit$$00000000) refers (Special) to libinit2.o(.ARM.Collect$$libinit$$0000000C) for __rt_lib_init_user_alloc_1
    sys_exit.o(.text) refers (Special) to use_no_semi.o(.text) for __I$use$semihosting
    sys_exit.o(.text) refers (Special) to indicate_semi.o(.text) for __semihosting_library_function
    rtexit.o(.ARM.Collect$$rtexit$$00000000) refers (Special) to rtexit2.o(.ARM.Collect$$rtexit$$00000004) for __rt_exit_exit
    rtexit.o(.ARM.Collect$$rtexit$$00000000) refers (Special) to rtexit2.o(.ARM.Collect$$rtexit$$00000003) for __rt_exit_ls
    rtexit.o(.ARM.Collect$$rtexit$$00000000) refers (Special) to rtexit2.o(.ARM.Collect$$rtexit$$00000002) for __rt_exit_prels_1
    rtexit.o(.ARM.exidx) refers (Special) to rtexit2.o(.ARM.Collect$$rtexit$$00000004) for __rt_exit_exit
    rtexit.o(.ARM.exidx) refers (Special) to rtexit2.o(.ARM.Collect$$rtexit$$00000003) for __rt_exit_ls
    rtexit.o(.ARM.exidx) refers (Special) to rtexit2.o(.ARM.Collect$$rtexit$$00000002) for __rt_exit_prels_1
    rtexit.o(.ARM.exidx) refers to rtexit.o(.ARM.Collect$$rtexit$$00000000) for .ARM.Collect$$rtexit$$00000000
    __raise.o(.text) refers to defsig.o(CL$$defsig) for __default_signal_handler
    defsig_general.o(.text) refers to sys_wrch.o(.text) for _ttywrch
    libshutdown2.o(.ARM.Collect$$libshutdown$$0000000F) refers (Weak) to term_alloc.o(.text) for _terminate_alloc
    sys_wrch.o(.text) refers (Special) to use_no_semi.o(.text) for __I$use$semihosting
    sys_wrch.o(.text) refers (Special) to indicate_semi.o(.text) for __semihosting_library_function
    rtexit2.o(.ARM.Collect$$rtexit$$00000003) refers to libshutdown.o(.ARM.Collect$$libshutdown$$00000000) for __rt_lib_shutdown
    rtexit2.o(.ARM.Collect$$rtexit$$00000004) refers to sys_exit.o(.text) for _sys_exit
    rtexit2.o(.ARM.exidx) refers to rtexit2.o(.ARM.Collect$$rtexit$$00000001) for .ARM.Collect$$rtexit$$00000001
    rtexit2.o(.ARM.exidx) refers to rtexit2.o(.ARM.Collect$$rtexit$$00000003) for .ARM.Collect$$rtexit$$00000003
    rtexit2.o(.ARM.exidx) refers to rtexit2.o(.ARM.Collect$$rtexit$$00000004) for .ARM.Collect$$rtexit$$00000004
    defsig.o(CL$$defsig) refers to defsig_rtmem_inner.o(.text) for __rt_SIGRTMEM_inner
    defsig_abrt_inner.o(.text) refers to defsig_general.o(.text) for __default_signal_display
    defsig_fpe_inner.o(.text) refers to defsig_general.o(.text) for __default_signal_display
    defsig_rtred_inner.o(.text) refers to defsig_general.o(.text) for __default_signal_display
    defsig_stak_inner.o(.text) refers to defsig_general.o(.text) for __default_signal_display
    defsig_pvfn_inner.o(.text) refers to defsig_general.o(.text) for __default_signal_display
    defsig_cppl_inner.o(.text) refers to defsig_general.o(.text) for __default_signal_display
    defsig_segv_inner.o(.text) refers to defsig_general.o(.text) for __default_signal_display
    defsig_other.o(.text) refers to defsig_general.o(.text) for __default_signal_display
    libshutdown.o(.ARM.Collect$$libshutdown$$00000000) refers (Special) to libshutdown2.o(.ARM.Collect$$libshutdown$$00000004) for __rt_lib_shutdown_cpp_1
    libshutdown.o(.ARM.Collect$$libshutdown$$00000000) refers (Special) to libshutdown2.o(.ARM.Collect$$libshutdown$$00000002) for __rt_lib_shutdown_fini_1
    libshutdown.o(.ARM.Collect$$libshutdown$$00000000) refers (Special) to libshutdown2.o(.ARM.Collect$$libshutdown$$00000009) for __rt_lib_shutdown_fp_trap_1
    libshutdown.o(.ARM.Collect$$libshutdown$$00000000) refers (Special) to libshutdown2.o(.ARM.Collect$$libshutdown$$00000011) for __rt_lib_shutdown_heap_1
    libshutdown.o(.ARM.Collect$$libshutdown$$00000000) refers (Special) to libshutdown2.o(.ARM.Collect$$libshutdown$$00000012) for __rt_lib_shutdown_return
    libshutdown.o(.ARM.Collect$$libshutdown$$00000000) refers (Special) to libshutdown2.o(.ARM.Collect$$libshutdown$$0000000C) for __rt_lib_shutdown_signal_1
    libshutdown.o(.ARM.Collect$$libshutdown$$00000000) refers (Special) to libshutdown2.o(.ARM.Collect$$libshutdown$$00000006) for __rt_lib_shutdown_stdio_1
    libshutdown.o(.ARM.Collect$$libshutdown$$00000000) refers (Special) to libshutdown2.o(.ARM.Collect$$libshutdown$$0000000E) for __rt_lib_shutdown_user_alloc_1


==============================================================================

Removing Unused input sections from the image.

    Removing main.o(.rev16_text), (4 bytes).
    Removing main.o(.revsh_text), (4 bytes).
    Removing main.o(.rrx_text), (6 bytes).
    Removing delay.o(.rev16_text), (4 bytes).
    Removing delay.o(.revsh_text), (4 bytes).
    Removing delay.o(.rrx_text), (6 bytes).
    Removing delay.o(i.delay_us), (84 bytes).
    Removing leds.o(.rev16_text), (4 bytes).
    Removing leds.o(.revsh_text), (4 bytes).
    Removing leds.o(.rrx_text), (6 bytes).
    Removing gpio.o(.rev16_text), (4 bytes).
    Removing gpio.o(.revsh_text), (4 bytes).
    Removing gpio.o(.rrx_text), (6 bytes).
    Removing gpio.o(i.gpio_get), (28 bytes).
    Removing gpio.o(i.gpio_get_range), (36 bytes).
    Removing gpio.o(i.gpio_set_range), (40 bytes).
    Removing gpio.o(i.gpio_toggle), (30 bytes).
    Removing stm32f4xx_adc.o(.rev16_text), (4 bytes).
    Removing stm32f4xx_adc.o(.revsh_text), (4 bytes).
    Removing stm32f4xx_adc.o(.rrx_text), (6 bytes).
    Removing stm32f4xx_adc.o(i.ADC_AnalogWatchdogCmd), (20 bytes).
    Removing stm32f4xx_adc.o(i.ADC_AnalogWatchdogSingleChannelConfig), (16 bytes).
    Removing stm32f4xx_adc.o(i.ADC_AnalogWatchdogThresholdsConfig), (6 bytes).
    Removing stm32f4xx_adc.o(i.ADC_AutoInjectedConvCmd), (22 bytes).
    Removing stm32f4xx_adc.o(i.ADC_ClearFlag), (6 bytes).
    Removing stm32f4xx_adc.o(i.ADC_ClearITPendingBit), (10 bytes).
    Removing stm32f4xx_adc.o(i.ADC_Cmd), (22 bytes).
    Removing stm32f4xx_adc.o(i.ADC_CommonInit), (48 bytes).
    Removing stm32f4xx_adc.o(i.ADC_CommonStructInit), (12 bytes).
    Removing stm32f4xx_adc.o(i.ADC_ContinuousModeCmd), (22 bytes).
    Removing stm32f4xx_adc.o(i.ADC_DMACmd), (22 bytes).
    Removing stm32f4xx_adc.o(i.ADC_DMARequestAfterLastTransferCmd), (22 bytes).
    Removing stm32f4xx_adc.o(i.ADC_DeInit), (22 bytes).
    Removing stm32f4xx_adc.o(i.ADC_DiscModeChannelCountConfig), (24 bytes).
    Removing stm32f4xx_adc.o(i.ADC_DiscModeCmd), (22 bytes).
    Removing stm32f4xx_adc.o(i.ADC_EOCOnEachRegularChannelCmd), (22 bytes).
    Removing stm32f4xx_adc.o(i.ADC_ExternalTrigInjectedConvConfig), (16 bytes).
    Removing stm32f4xx_adc.o(i.ADC_ExternalTrigInjectedConvEdgeConfig), (16 bytes).
    Removing stm32f4xx_adc.o(i.ADC_GetConversionValue), (8 bytes).
    Removing stm32f4xx_adc.o(i.ADC_GetFlagStatus), (18 bytes).
    Removing stm32f4xx_adc.o(i.ADC_GetITStatus), (38 bytes).
    Removing stm32f4xx_adc.o(i.ADC_GetInjectedConversionValue), (28 bytes).
    Removing stm32f4xx_adc.o(i.ADC_GetMultiModeConversionValue), (12 bytes).
    Removing stm32f4xx_adc.o(i.ADC_GetSoftwareStartConvStatus), (20 bytes).
    Removing stm32f4xx_adc.o(i.ADC_GetSoftwareStartInjectedConvCmdStatus), (20 bytes).
    Removing stm32f4xx_adc.o(i.ADC_ITConfig), (32 bytes).
    Removing stm32f4xx_adc.o(i.ADC_Init), (84 bytes).
    Removing stm32f4xx_adc.o(i.ADC_InjectedChannelConfig), (130 bytes).
    Removing stm32f4xx_adc.o(i.ADC_InjectedDiscModeCmd), (22 bytes).
    Removing stm32f4xx_adc.o(i.ADC_InjectedSequencerLengthConfig), (24 bytes).
    Removing stm32f4xx_adc.o(i.ADC_MultiModeDMARequestAfterLastTransferCmd), (44 bytes).
    Removing stm32f4xx_adc.o(i.ADC_RegularChannelConfig), (184 bytes).
    Removing stm32f4xx_adc.o(i.ADC_SetInjectedOffset), (20 bytes).
    Removing stm32f4xx_adc.o(i.ADC_SoftwareStartConv), (10 bytes).
    Removing stm32f4xx_adc.o(i.ADC_SoftwareStartInjectedConv), (10 bytes).
    Removing stm32f4xx_adc.o(i.ADC_StructInit), (20 bytes).
    Removing stm32f4xx_adc.o(i.ADC_TempSensorVrefintCmd), (44 bytes).
    Removing stm32f4xx_adc.o(i.ADC_VBATCmd), (44 bytes).
    Removing stm32f4xx_gpio.o(.rev16_text), (4 bytes).
    Removing stm32f4xx_gpio.o(.revsh_text), (4 bytes).
    Removing stm32f4xx_gpio.o(.rrx_text), (6 bytes).
    Removing stm32f4xx_gpio.o(i.GPIO_DeInit), (172 bytes).
    Removing stm32f4xx_gpio.o(i.GPIO_PinLockConfig), (34 bytes).
    Removing stm32f4xx_gpio.o(i.GPIO_ReadInputData), (8 bytes).
    Removing stm32f4xx_gpio.o(i.GPIO_ReadInputDataBit), (18 bytes).
    Removing stm32f4xx_gpio.o(i.GPIO_ReadOutputData), (8 bytes).
    Removing stm32f4xx_gpio.o(i.GPIO_ReadOutputDataBit), (18 bytes).
    Removing stm32f4xx_gpio.o(i.GPIO_ResetBits), (4 bytes).
    Removing stm32f4xx_gpio.o(i.GPIO_SetBits), (4 bytes).
    Removing stm32f4xx_gpio.o(i.GPIO_StructInit), (18 bytes).
    Removing stm32f4xx_gpio.o(i.GPIO_ToggleBits), (8 bytes).
    Removing stm32f4xx_gpio.o(i.GPIO_Write), (4 bytes).
    Removing stm32f4xx_gpio.o(i.GPIO_WriteBit), (10 bytes).
    Removing stm32f4xx_i2c.o(.rev16_text), (4 bytes).
    Removing stm32f4xx_i2c.o(.revsh_text), (4 bytes).
    Removing stm32f4xx_i2c.o(.rrx_text), (6 bytes).
    Removing stm32f4xx_i2c.o(i.I2C_ARPCmd), (24 bytes).
    Removing stm32f4xx_i2c.o(i.I2C_AcknowledgeConfig), (24 bytes).
    Removing stm32f4xx_i2c.o(i.I2C_CalculatePEC), (24 bytes).
    Removing stm32f4xx_i2c.o(i.I2C_CheckEvent), (42 bytes).
    Removing stm32f4xx_i2c.o(i.I2C_ClearFlag), (14 bytes).
    Removing stm32f4xx_i2c.o(i.I2C_ClearITPendingBit), (14 bytes).
    Removing stm32f4xx_i2c.o(i.I2C_Cmd), (24 bytes).
    Removing stm32f4xx_i2c.o(i.I2C_DMACmd), (24 bytes).
    Removing stm32f4xx_i2c.o(i.I2C_DMALastTransferCmd), (24 bytes).
    Removing stm32f4xx_i2c.o(i.I2C_DeInit), (96 bytes).
    Removing stm32f4xx_i2c.o(i.I2C_DualAddressCmd), (24 bytes).
    Removing stm32f4xx_i2c.o(i.I2C_FastModeDutyCycleConfig), (28 bytes).
    Removing stm32f4xx_i2c.o(i.I2C_GeneralCallCmd), (24 bytes).
    Removing stm32f4xx_i2c.o(i.I2C_GenerateSTART), (24 bytes).
    Removing stm32f4xx_i2c.o(i.I2C_GenerateSTOP), (24 bytes).
    Removing stm32f4xx_i2c.o(i.I2C_GetFlagStatus), (58 bytes).
    Removing stm32f4xx_i2c.o(i.I2C_GetITStatus), (38 bytes).
    Removing stm32f4xx_i2c.o(i.I2C_GetLastEvent), (26 bytes).
    Removing stm32f4xx_i2c.o(i.I2C_GetPEC), (10 bytes).
    Removing stm32f4xx_i2c.o(i.I2C_ITConfig), (24 bytes).
    Removing stm32f4xx_i2c.o(i.I2C_Init), (236 bytes).
    Removing stm32f4xx_i2c.o(i.I2C_NACKPositionConfig), (28 bytes).
    Removing stm32f4xx_i2c.o(i.I2C_OwnAddress2Config), (24 bytes).
    Removing stm32f4xx_i2c.o(i.I2C_PECPositionConfig), (28 bytes).
    Removing stm32f4xx_i2c.o(i.I2C_ReadRegister), (22 bytes).
    Removing stm32f4xx_i2c.o(i.I2C_ReceiveData), (8 bytes).
    Removing stm32f4xx_i2c.o(i.I2C_SMBusAlertConfig), (28 bytes).
    Removing stm32f4xx_i2c.o(i.I2C_Send7bitAddress), (16 bytes).
    Removing stm32f4xx_i2c.o(i.I2C_SendData), (4 bytes).
    Removing stm32f4xx_i2c.o(i.I2C_SoftwareResetCmd), (22 bytes).
    Removing stm32f4xx_i2c.o(i.I2C_StretchClockCmd), (24 bytes).
    Removing stm32f4xx_i2c.o(i.I2C_StructInit), (30 bytes).
    Removing stm32f4xx_i2c.o(i.I2C_TransmitPEC), (24 bytes).
    Removing stm32f4xx_rcc.o(.rev16_text), (4 bytes).
    Removing stm32f4xx_rcc.o(.revsh_text), (4 bytes).
    Removing stm32f4xx_rcc.o(.rrx_text), (6 bytes).
    Removing stm32f4xx_rcc.o(i.RCC_AHB1PeriphClockLPModeCmd), (32 bytes).
    Removing stm32f4xx_rcc.o(i.RCC_AHB1PeriphResetCmd), (32 bytes).
    Removing stm32f4xx_rcc.o(i.RCC_AHB2PeriphClockCmd), (32 bytes).
    Removing stm32f4xx_rcc.o(i.RCC_AHB2PeriphClockLPModeCmd), (32 bytes).
    Removing stm32f4xx_rcc.o(i.RCC_AHB2PeriphResetCmd), (32 bytes).
    Removing stm32f4xx_rcc.o(i.RCC_AHB3PeriphClockCmd), (32 bytes).
    Removing stm32f4xx_rcc.o(i.RCC_AHB3PeriphClockLPModeCmd), (32 bytes).
    Removing stm32f4xx_rcc.o(i.RCC_AHB3PeriphResetCmd), (32 bytes).
    Removing stm32f4xx_rcc.o(i.RCC_APB1PeriphClockLPModeCmd), (32 bytes).
    Removing stm32f4xx_rcc.o(i.RCC_APB1PeriphResetCmd), (32 bytes).
    Removing stm32f4xx_rcc.o(i.RCC_APB2PeriphClockCmd), (32 bytes).
    Removing stm32f4xx_rcc.o(i.RCC_APB2PeriphClockLPModeCmd), (32 bytes).
    Removing stm32f4xx_rcc.o(i.RCC_APB2PeriphResetCmd), (32 bytes).
    Removing stm32f4xx_rcc.o(i.RCC_AdjustHSICalibrationValue), (24 bytes).
    Removing stm32f4xx_rcc.o(i.RCC_BackupResetCmd), (12 bytes).
    Removing stm32f4xx_rcc.o(i.RCC_ClearFlag), (20 bytes).
    Removing stm32f4xx_rcc.o(i.RCC_ClearITPendingBit), (12 bytes).
    Removing stm32f4xx_rcc.o(i.RCC_ClockSecuritySystemCmd), (12 bytes).
    Removing stm32f4xx_rcc.o(i.RCC_DeInit), (72 bytes).
    Removing stm32f4xx_rcc.o(i.RCC_GetFlagStatus), (64 bytes).
    Removing stm32f4xx_rcc.o(i.RCC_GetITStatus), (24 bytes).
    Removing stm32f4xx_rcc.o(i.RCC_GetSYSCLKSource), (16 bytes).
    Removing stm32f4xx_rcc.o(i.RCC_HCLKConfig), (24 bytes).
    Removing stm32f4xx_rcc.o(i.RCC_HSEConfig), (16 bytes).
    Removing stm32f4xx_rcc.o(i.RCC_HSICmd), (12 bytes).
    Removing stm32f4xx_rcc.o(i.RCC_I2SCLKConfig), (12 bytes).
    Removing stm32f4xx_rcc.o(i.RCC_ITConfig), (32 bytes).
    Removing stm32f4xx_rcc.o(i.RCC_LSEConfig), (44 bytes).
    Removing stm32f4xx_rcc.o(i.RCC_LSICmd), (12 bytes).
    Removing stm32f4xx_rcc.o(i.RCC_MCO1Config), (28 bytes).
    Removing stm32f4xx_rcc.o(i.RCC_MCO2Config), (28 bytes).
    Removing stm32f4xx_rcc.o(i.RCC_PCLK1Config), (24 bytes).
    Removing stm32f4xx_rcc.o(i.RCC_PCLK2Config), (24 bytes).
    Removing stm32f4xx_rcc.o(i.RCC_PLLCmd), (12 bytes).
    Removing stm32f4xx_rcc.o(i.RCC_PLLConfig), (36 bytes).
    Removing stm32f4xx_rcc.o(i.RCC_PLLI2SCmd), (12 bytes).
    Removing stm32f4xx_rcc.o(i.RCC_PLLI2SConfig), (16 bytes).
    Removing stm32f4xx_rcc.o(i.RCC_RTCCLKCmd), (12 bytes).
    Removing stm32f4xx_rcc.o(i.RCC_RTCCLKConfig), (60 bytes).
    Removing stm32f4xx_rcc.o(i.RCC_SYSCLKConfig), (24 bytes).
    Removing stm32f4xx_rcc.o(i.RCC_WaitForHSEStartUp), (56 bytes).
    Removing stm32f4xx_usart.o(.rev16_text), (4 bytes).
    Removing stm32f4xx_usart.o(.revsh_text), (4 bytes).
    Removing stm32f4xx_usart.o(.rrx_text), (6 bytes).
    Removing stm32f4xx_usart.o(i.USART_ClearFlag), (8 bytes).
    Removing stm32f4xx_usart.o(i.USART_ClearITPendingBit), (22 bytes).
    Removing stm32f4xx_usart.o(i.USART_ClockInit), (32 bytes).
    Removing stm32f4xx_usart.o(i.USART_ClockStructInit), (12 bytes).
    Removing stm32f4xx_usart.o(i.USART_DMACmd), (24 bytes).
    Removing stm32f4xx_usart.o(i.USART_DeInit), (92 bytes).
    Removing stm32f4xx_usart.o(i.USART_GetITStatus), (76 bytes).
    Removing stm32f4xx_usart.o(i.USART_HalfDuplexCmd), (24 bytes).
    Removing stm32f4xx_usart.o(i.USART_ITConfig), (64 bytes).
    Removing stm32f4xx_usart.o(i.USART_IrDACmd), (24 bytes).
    Removing stm32f4xx_usart.o(i.USART_IrDAConfig), (18 bytes).
    Removing stm32f4xx_usart.o(i.USART_LINBreakDetectLengthConfig), (18 bytes).
    Removing stm32f4xx_usart.o(i.USART_LINCmd), (24 bytes).
    Removing stm32f4xx_usart.o(i.USART_OneBitMethodCmd), (24 bytes).
    Removing stm32f4xx_usart.o(i.USART_OverSampling8Cmd), (22 bytes).
    Removing stm32f4xx_usart.o(i.USART_ReceiverWakeUpCmd), (24 bytes).
    Removing stm32f4xx_usart.o(i.USART_SendBreak), (10 bytes).
    Removing stm32f4xx_usart.o(i.USART_SetAddress), (18 bytes).
    Removing stm32f4xx_usart.o(i.USART_SetGuardTime), (16 bytes).
    Removing stm32f4xx_usart.o(i.USART_SetPrescaler), (2 bytes).
    Removing stm32f4xx_usart.o(i.USART_SmartCardCmd), (24 bytes).
    Removing stm32f4xx_usart.o(i.USART_SmartCardNACKCmd), (24 bytes).
    Removing stm32f4xx_usart.o(i.USART_StructInit), (24 bytes).
    Removing stm32f4xx_usart.o(i.USART_WakeUpConfig), (18 bytes).
    Removing timer.o(.rev16_text), (4 bytes).
    Removing timer.o(.revsh_text), (4 bytes).
    Removing timer.o(.rrx_text), (6 bytes).
    Removing timer.o(i.timer_disable), (18 bytes).
    Removing uart.o(.rev16_text), (4 bytes).
    Removing uart.o(.revsh_text), (4 bytes).
    Removing uart.o(.rrx_text), (6 bytes).
    Removing system_stm32f4xx.o(.rev16_text), (4 bytes).
    Removing system_stm32f4xx.o(.revsh_text), (4 bytes).
    Removing system_stm32f4xx.o(.rrx_text), (6 bytes).
    Removing system_stm32f4xx.o(i.SystemCoreClockUpdate), (192 bytes).
    Removing system_stm32f4xx.o(.constdata), (24 bytes).

192 unused section(s) (total 4972 bytes) removed from the image.

==============================================================================

Image Symbol Table

    Local Symbols

    Symbol Name                              Value     Ov Type        Size  Object(Section)

    ../clib/angel/boardlib.s                 0x00000000   Number         0  boardinit1.o ABSOLUTE
    ../clib/angel/boardlib.s                 0x00000000   Number         0  boardshut.o ABSOLUTE
    ../clib/angel/boardlib.s                 0x00000000   Number         0  boardinit2.o ABSOLUTE
    ../clib/angel/boardlib.s                 0x00000000   Number         0  boardinit3.o ABSOLUTE
    ../clib/angel/handlers.s                 0x00000000   Number         0  __scatter_zi.o ABSOLUTE
    ../clib/angel/handlers.s                 0x00000000   Number         0  __scatter_copy.o ABSOLUTE
    ../clib/angel/kernel.s                   0x00000000   Number         0  __rtentry.o ABSOLUTE
    ../clib/angel/kernel.s                   0x00000000   Number         0  rtexit2.o ABSOLUTE
    ../clib/angel/kernel.s                   0x00000000   Number         0  __rtentry2.o ABSOLUTE
    ../clib/angel/kernel.s                   0x00000000   Number         0  __rtentry4.o ABSOLUTE
    ../clib/angel/kernel.s                   0x00000000   Number         0  rtexit.o ABSOLUTE
    ../clib/angel/rt.s                       0x00000000   Number         0  rt_heap_descriptor.o ABSOLUTE
    ../clib/angel/rt.s                       0x00000000   Number         0  rt_heap_descriptor_intlibspace.o ABSOLUTE
    ../clib/angel/rt.s                       0x00000000   Number         0  rt_raise.o ABSOLUTE
    ../clib/angel/scatter.s                  0x00000000   Number         0  __scatter.o ABSOLUTE
    ../clib/angel/startup.s                  0x00000000   Number         0  __main.o ABSOLUTE
    ../clib/angel/sys.s                      0x00000000   Number         0  libspace.o ABSOLUTE
    ../clib/angel/sys.s                      0x00000000   Number         0  mutex_dummy.o ABSOLUTE
    ../clib/angel/sys.s                      0x00000000   Number         0  sys_stackheap_outer.o ABSOLUTE
    ../clib/angel/sys.s                      0x00000000   Number         0  use_no_semi.o ABSOLUTE
    ../clib/angel/sys.s                      0x00000000   Number         0  indicate_semi.o ABSOLUTE
    ../clib/angel/sysapp.c                   0x00000000   Number         0  sys_command.o ABSOLUTE
    ../clib/angel/sysapp.c                   0x00000000   Number         0  sys_exit.o ABSOLUTE
    ../clib/angel/sysapp.c                   0x00000000   Number         0  sys_wrch.o ABSOLUTE
    ../clib/armsys.c                         0x00000000   Number         0  argv_veneer.o ABSOLUTE
    ../clib/armsys.c                         0x00000000   Number         0  no_argv.o ABSOLUTE
    ../clib/armsys.c                         0x00000000   Number         0  _get_argv_nomalloc.o ABSOLUTE
    ../clib/armsys.c                         0x00000000   Number         0  _get_argv.o ABSOLUTE
    ../clib/armsys.c                         0x00000000   Number         0  argv_veneer.o ABSOLUTE
    ../clib/heap1.c                          0x00000000   Number         0  h1_init.o ABSOLUTE
    ../clib/heap1.c                          0x00000000   Number         0  h1_free.o ABSOLUTE
    ../clib/heap1.c                          0x00000000   Number         0  h1_init_mt.o ABSOLUTE
    ../clib/heap1.c                          0x00000000   Number         0  h1_final_mt.o ABSOLUTE
    ../clib/heap1.c                          0x00000000   Number         0  h1_final.o ABSOLUTE
    ../clib/heap1.c                          0x00000000   Number         0  h1_extend_mt.o ABSOLUTE
    ../clib/heap1.c                          0x00000000   Number         0  h1_extend.o ABSOLUTE
    ../clib/heap1.c                          0x00000000   Number         0  h1_free_mt.o ABSOLUTE
    ../clib/heap1.c                          0x00000000   Number         0  h1_alloc.o ABSOLUTE
    ../clib/heap1.c                          0x00000000   Number         0  h1_alloc_mt.o ABSOLUTE
    ../clib/heap2.c                          0x00000000   Number         0  fdtree.o ABSOLUTE
    ../clib/heap2.c                          0x00000000   Number         0  heap2mt.o ABSOLUTE
    ../clib/heap2.c                          0x00000000   Number         0  heap2.o ABSOLUTE
    ../clib/heapalloc.c                      0x00000000   Number         0  malloc.o ABSOLUTE
    ../clib/heapalloc.c                      0x00000000   Number         0  hrguard.o ABSOLUTE
    ../clib/heapalloc.c                      0x00000000   Number         0  maybetermalloc2.o ABSOLUTE
    ../clib/heapalloc.c                      0x00000000   Number         0  maybetermalloc1.o ABSOLUTE
    ../clib/heapalloc.c                      0x00000000   Number         0  maybetermalloc1.o ABSOLUTE
    ../clib/heapalloc.c                      0x00000000   Number         0  maybetermalloc2.o ABSOLUTE
    ../clib/heapalloc.c                      0x00000000   Number         0  term_alloc.o ABSOLUTE
    ../clib/heapalloc.c                      0x00000000   Number         0  heapstubs.o ABSOLUTE
    ../clib/heapalloc.c                      0x00000000   Number         0  hguard.o ABSOLUTE
    ../clib/heapalloc.c                      0x00000000   Number         0  free.o ABSOLUTE
    ../clib/heapalloc.c                      0x00000000   Number         0  init_alloc.o ABSOLUTE
    ../clib/heapaux.c                        0x00000000   Number         0  heapauxi.o ABSOLUTE
    ../clib/heapaux.c                        0x00000000   Number         0  heapauxa.o ABSOLUTE
    ../clib/libinit.s                        0x00000000   Number         0  libinit.o ABSOLUTE
    ../clib/libinit.s                        0x00000000   Number         0  libshutdown2.o ABSOLUTE
    ../clib/libinit.s                        0x00000000   Number         0  libinit2.o ABSOLUTE
    ../clib/libinit.s                        0x00000000   Number         0  libshutdown.o ABSOLUTE
    ../clib/memcpset.s                       0x00000000   Number         0  rt_memcpy_w.o ABSOLUTE
    ../clib/signal.c                         0x00000000   Number         0  defsig_rtmem_inner.o ABSOLUTE
    ../clib/signal.c                         0x00000000   Number         0  defsig_general.o ABSOLUTE
    ../clib/signal.c                         0x00000000   Number         0  __raise.o ABSOLUTE
    ../clib/signal.c                         0x00000000   Number         0  defsig_pvfn_inner.o ABSOLUTE
    ../clib/signal.c                         0x00000000   Number         0  defsig_rtmem_formal.o ABSOLUTE
    ../clib/signal.c                         0x00000000   Number         0  defsig_rtmem_outer.o ABSOLUTE
    ../clib/signal.c                         0x00000000   Number         0  defsig_cppl_inner.o ABSOLUTE
    ../clib/signal.c                         0x00000000   Number         0  defsig_other.o ABSOLUTE
    ../clib/signal.c                         0x00000000   Number         0  defsig_abrt_inner.o ABSOLUTE
    ../clib/signal.c                         0x00000000   Number         0  defsig_fpe_inner.o ABSOLUTE
    ../clib/signal.c                         0x00000000   Number         0  defsig_segv_inner.o ABSOLUTE
    ../clib/signal.c                         0x00000000   Number         0  defsig_rtred_inner.o ABSOLUTE
    ../clib/signal.c                         0x00000000   Number         0  defsig_stak_inner.o ABSOLUTE
    ../clib/signal.c                         0x00000000   Number         0  defsig_exit.o ABSOLUTE
    ../clib/signal.s                         0x00000000   Number         0  defsig.o ABSOLUTE
    ../clib/stdlib.c                         0x00000000   Number         0  exit.o ABSOLUTE
    ../fplib/ddiv.s                          0x00000000   Number         0  ddiv.o ABSOLUTE
    ../fplib/dfixu.s                         0x00000000   Number         0  dfixu.o ABSOLUTE
    ../fplib/dflt.s                          0x00000000   Number         0  dflt_clz.o ABSOLUTE
    ../fplib/dnaninf.s                       0x00000000   Number         0  dnaninf.o ABSOLUTE
    ../fplib/dretinf.s                       0x00000000   Number         0  dretinf.o ABSOLUTE
    ../fplib/fpinit.s                        0x00000000   Number         0  fpinit.o ABSOLUTE
    ../fplib/usenofp.s                       0x00000000   Number         0  usenofp.o ABSOLUTE
    RTE\Device\STM32F401RETx\startup_stm32f401xe.s 0x00000000   Number         0  startup_stm32f401xe.o ABSOLUTE
    RTE\Device\STM32F401RETx\system_stm32f4xx.c 0x00000000   Number         0  system_stm32f4xx.o ABSOLUTE
    RTE\\Device\\STM32F401RETx\\system_stm32f4xx.c 0x00000000   Number         0  system_stm32f4xx.o ABSOLUTE
    dc.s                                     0x00000000   Number         0  dc.o ABSOLUTE
    drivers\\gpio.c                          0x00000000   Number         0  gpio.o ABSOLUTE
    drivers\\stm32f4xx_adc.c                 0x00000000   Number         0  stm32f4xx_adc.o ABSOLUTE
    drivers\\stm32f4xx_gpio.c                0x00000000   Number         0  stm32f4xx_gpio.o ABSOLUTE
    drivers\\stm32f4xx_i2c.c                 0x00000000   Number         0  stm32f4xx_i2c.o ABSOLUTE
    drivers\\stm32f4xx_rcc.c                 0x00000000   Number         0  stm32f4xx_rcc.o ABSOLUTE
    drivers\\stm32f4xx_usart.c               0x00000000   Number         0  stm32f4xx_usart.o ABSOLUTE
    drivers\\timer.c                         0x00000000   Number         0  timer.o ABSOLUTE
    drivers\\uart.c                          0x00000000   Number         0  uart.o ABSOLUTE
    drivers\gpio.c                           0x00000000   Number         0  gpio.o ABSOLUTE
    drivers\stm32f4xx_adc.c                  0x00000000   Number         0  stm32f4xx_adc.o ABSOLUTE
    drivers\stm32f4xx_gpio.c                 0x00000000   Number         0  stm32f4xx_gpio.o ABSOLUTE
    drivers\stm32f4xx_i2c.c                  0x00000000   Number         0  stm32f4xx_i2c.o ABSOLUTE
    drivers\stm32f4xx_rcc.c                  0x00000000   Number         0  stm32f4xx_rcc.o ABSOLUTE
    drivers\stm32f4xx_usart.c                0x00000000   Number         0  stm32f4xx_usart.o ABSOLUTE
    drivers\timer.c                          0x00000000   Number         0  timer.o ABSOLUTE
    drivers\uart.c                           0x00000000   Number         0  uart.o ABSOLUTE
    src\\delay.c                             0x00000000   Number         0  delay.o ABSOLUTE
    src\\leds.c                              0x00000000   Number         0  leds.o ABSOLUTE
    src\\main.c                              0x00000000   Number         0  main.o ABSOLUTE
    src\delay.c                              0x00000000   Number         0  delay.o ABSOLUTE
    src\leds.c                               0x00000000   Number         0  leds.o ABSOLUTE
    src\main.c                               0x00000000   Number         0  main.o ABSOLUTE
    src\queue.c                              0x00000000   Number         0  queue.o ABSOLUTE
    RESET                                    0x08000000   Section      404  startup_stm32f401xe.o(RESET)
    !!!main                                  0x08000194   Section        8  __main.o(!!!main)
    !!!scatter                               0x0800019c   Section       52  __scatter.o(!!!scatter)
    !!handler_copy                           0x080001d0   Section       26  __scatter_copy.o(!!handler_copy)
    !!handler_zi                             0x080001ec   Section       28  __scatter_zi.o(!!handler_zi)
    .ARM.Collect$$libinit$$00000000          0x08000208   Section        2  libinit.o(.ARM.Collect$$libinit$$00000000)
    .ARM.Collect$$libinit$$00000001          0x0800020a   Section        4  libinit2.o(.ARM.Collect$$libinit$$00000001)
    .ARM.Collect$$libinit$$00000004          0x0800020e   Section        0  libinit2.o(.ARM.Collect$$libinit$$00000004)
    .ARM.Collect$$libinit$$00000005          0x0800020e   Section        8  libinit2.o(.ARM.Collect$$libinit$$00000005)
    .ARM.Collect$$libinit$$0000000A          0x08000216   Section        0  libinit2.o(.ARM.Collect$$libinit$$0000000A)
    .ARM.Collect$$libinit$$0000000C          0x08000216   Section        0  libinit2.o(.ARM.Collect$$libinit$$0000000C)
    .ARM.Collect$$libinit$$0000000E          0x08000216   Section        0  libinit2.o(.ARM.Collect$$libinit$$0000000E)
    .ARM.Collect$$libinit$$00000011          0x08000216   Section        0  libinit2.o(.ARM.Collect$$libinit$$00000011)
    .ARM.Collect$$libinit$$00000013          0x08000216   Section        0  libinit2.o(.ARM.Collect$$libinit$$00000013)
    .ARM.Collect$$libinit$$00000015          0x08000216   Section        0  libinit2.o(.ARM.Collect$$libinit$$00000015)
    .ARM.Collect$$libinit$$00000017          0x08000216   Section        0  libinit2.o(.ARM.Collect$$libinit$$00000017)
    .ARM.Collect$$libinit$$00000019          0x08000216   Section        0  libinit2.o(.ARM.Collect$$libinit$$00000019)
    .ARM.Collect$$libinit$$0000001B          0x08000216   Section        0  libinit2.o(.ARM.Collect$$libinit$$0000001B)
    .ARM.Collect$$libinit$$0000001D          0x08000216   Section        0  libinit2.o(.ARM.Collect$$libinit$$0000001D)
    .ARM.Collect$$libinit$$0000001F          0x08000216   Section        0  libinit2.o(.ARM.Collect$$libinit$$0000001F)
    .ARM.Collect$$libinit$$00000021          0x08000216   Section        0  libinit2.o(.ARM.Collect$$libinit$$00000021)
    .ARM.Collect$$libinit$$00000023          0x08000216   Section        0  libinit2.o(.ARM.Collect$$libinit$$00000023)
    .ARM.Collect$$libinit$$00000025          0x08000216   Section        0  libinit2.o(.ARM.Collect$$libinit$$00000025)
    .ARM.Collect$$libinit$$0000002C          0x08000216   Section        0  libinit2.o(.ARM.Collect$$libinit$$0000002C)
    .ARM.Collect$$libinit$$0000002E          0x08000216   Section        0  libinit2.o(.ARM.Collect$$libinit$$0000002E)
    .ARM.Collect$$libinit$$00000030          0x08000216   Section        0  libinit2.o(.ARM.Collect$$libinit$$00000030)
    .ARM.Collect$$libinit$$00000032          0x08000216   Section        0  libinit2.o(.ARM.Collect$$libinit$$00000032)
    .ARM.Collect$$libinit$$00000033          0x08000216   Section        2  libinit2.o(.ARM.Collect$$libinit$$00000033)
    .ARM.Collect$$libshutdown$$00000000      0x08000218   Section        2  libshutdown.o(.ARM.Collect$$libshutdown$$00000000)
    .ARM.Collect$$libshutdown$$00000002      0x0800021a   Section        0  libshutdown2.o(.ARM.Collect$$libshutdown$$00000002)
    .ARM.Collect$$libshutdown$$00000004      0x0800021a   Section        0  libshutdown2.o(.ARM.Collect$$libshutdown$$00000004)
    .ARM.Collect$$libshutdown$$00000006      0x0800021a   Section        0  libshutdown2.o(.ARM.Collect$$libshutdown$$00000006)
    .ARM.Collect$$libshutdown$$00000009      0x0800021a   Section        0  libshutdown2.o(.ARM.Collect$$libshutdown$$00000009)
    .ARM.Collect$$libshutdown$$0000000C      0x0800021a   Section        0  libshutdown2.o(.ARM.Collect$$libshutdown$$0000000C)
    .ARM.Collect$$libshutdown$$0000000E      0x0800021a   Section        0  libshutdown2.o(.ARM.Collect$$libshutdown$$0000000E)
    .ARM.Collect$$libshutdown$$00000011      0x0800021a   Section        0  libshutdown2.o(.ARM.Collect$$libshutdown$$00000011)
    .ARM.Collect$$libshutdown$$00000012      0x0800021a   Section        2  libshutdown2.o(.ARM.Collect$$libshutdown$$00000012)
    .ARM.Collect$$rtentry$$00000000          0x0800021c   Section        0  __rtentry.o(.ARM.Collect$$rtentry$$00000000)
    .ARM.Collect$$rtentry$$00000002          0x0800021c   Section        0  __rtentry2.o(.ARM.Collect$$rtentry$$00000002)
    .ARM.Collect$$rtentry$$00000004          0x0800021c   Section        6  __rtentry4.o(.ARM.Collect$$rtentry$$00000004)
    .ARM.Collect$$rtentry$$00000009          0x08000222   Section        0  __rtentry2.o(.ARM.Collect$$rtentry$$00000009)
    .ARM.Collect$$rtentry$$0000000A          0x08000222   Section        4  __rtentry2.o(.ARM.Collect$$rtentry$$0000000A)
    .ARM.Collect$$rtentry$$0000000C          0x08000226   Section        0  __rtentry2.o(.ARM.Collect$$rtentry$$0000000C)
    .ARM.Collect$$rtentry$$0000000D          0x08000226   Section        8  __rtentry2.o(.ARM.Collect$$rtentry$$0000000D)
    .ARM.Collect$$rtexit$$00000000           0x0800022e   Section        2  rtexit.o(.ARM.Collect$$rtexit$$00000000)
    .ARM.Collect$$rtexit$$00000002           0x08000230   Section        0  rtexit2.o(.ARM.Collect$$rtexit$$00000002)
    .ARM.Collect$$rtexit$$00000003           0x08000230   Section        4  rtexit2.o(.ARM.Collect$$rtexit$$00000003)
    .ARM.Collect$$rtexit$$00000004           0x08000234   Section        6  rtexit2.o(.ARM.Collect$$rtexit$$00000004)
    .emb_text                                0x0800023c   Section       12  delay.o(.emb_text)
    $v0                                      0x0800023c   Number         0  delay.o(.emb_text)
    .emb_text                                0x08000248   Section        0  maybetermalloc1.o(.emb_text)
    .text                                    0x08000248   Section       64  startup_stm32f401xe.o(.text)
    $v0                                      0x08000248   Number         0  startup_stm32f401xe.o(.text)
    .text                                    0x08000288   Section        0  h1_alloc.o(.text)
    .text                                    0x080002e6   Section        0  heapauxi.o(.text)
    .text                                    0x080002ec   Section        8  rt_heap_descriptor_intlibspace.o(.text)
    .text                                    0x080002f4   Section        0  hguard.o(.text)
    .text                                    0x080002f8   Section        0  init_alloc.o(.text)
    .text                                    0x08000382   Section        0  h1_init.o(.text)
    .text                                    0x08000390   Section        0  h1_free.o(.text)
    .text                                    0x080003e0   Section        8  libspace.o(.text)
    .text                                    0x080003e8   Section        0  h1_extend.o(.text)
    .text                                    0x0800041c   Section        0  defsig_rtmem_outer.o(.text)
    .text                                    0x0800042a   Section        2  use_no_semi.o(.text)
    .text                                    0x0800042c   Section        0  indicate_semi.o(.text)
    .text                                    0x0800042c   Section       74  sys_stackheap_outer.o(.text)
    .text                                    0x08000476   Section        0  exit.o(.text)
    .text                                    0x08000488   Section        0  defsig_exit.o(.text)
    .text                                    0x08000494   Section        0  defsig_rtmem_inner.o(.text)
    .text                                    0x080004e4   Section        0  sys_exit.o(.text)
    .text                                    0x080004f0   Section        0  defsig_general.o(.text)
    .text                                    0x08000522   Section        0  sys_wrch.o(.text)
    i.EXTI0_IRQHandler                       0x08000530   Section        0  gpio.o(i.EXTI0_IRQHandler)
    i.EXTI15_10_IRQHandler                   0x0800059c   Section        0  gpio.o(i.EXTI15_10_IRQHandler)
    i.EXTI1_IRQHandler                       0x08000608   Section        0  gpio.o(i.EXTI1_IRQHandler)
    i.EXTI2_IRQHandler                       0x08000674   Section        0  gpio.o(i.EXTI2_IRQHandler)
    i.EXTI3_IRQHandler                       0x080006e0   Section        0  gpio.o(i.EXTI3_IRQHandler)
    i.EXTI4_IRQHandler                       0x0800074c   Section        0  gpio.o(i.EXTI4_IRQHandler)
    i.EXTI9_5_IRQHandler                     0x080007b8   Section        0  gpio.o(i.EXTI9_5_IRQHandler)
    i.GPIO_Init                              0x08000824   Section        0  stm32f4xx_gpio.o(i.GPIO_Init)
    i.GPIO_PinAFConfig                       0x080008b4   Section        0  stm32f4xx_gpio.o(i.GPIO_PinAFConfig)
    i.NVIC_EncodePriority                    0x080008fa   Section        0  gpio.o(i.NVIC_EncodePriority)
    NVIC_EncodePriority                      0x080008fb   Thumb Code    64  gpio.o(i.NVIC_EncodePriority)
    i.RCC_AHB1PeriphClockCmd                 0x0800093c   Section        0  stm32f4xx_rcc.o(i.RCC_AHB1PeriphClockCmd)
    i.RCC_APB1PeriphClockCmd                 0x0800095c   Section        0  stm32f4xx_rcc.o(i.RCC_APB1PeriphClockCmd)
    i.RCC_GetClocksFreq                      0x0800097c   Section        0  stm32f4xx_rcc.o(i.RCC_GetClocksFreq)
    i.SysTick_Handler                        0x08000a64   Section        0  timer.o(i.SysTick_Handler)
    i.SystemInit                             0x08000a74   Section        0  system_stm32f4xx.o(i.SystemInit)
    i.USART2_IRQHandler                      0x08000a88   Section        0  uart.o(i.USART2_IRQHandler)
    i.USART_Cmd                              0x08000ab0   Section        0  stm32f4xx_usart.o(i.USART_Cmd)
    i.USART_GetFlagStatus                    0x08000ac8   Section        0  stm32f4xx_usart.o(i.USART_GetFlagStatus)
    i.USART_Init                             0x08000adc   Section        0  stm32f4xx_usart.o(i.USART_Init)
    i.USART_ReceiveData                      0x08000bb4   Section        0  stm32f4xx_usart.o(i.USART_ReceiveData)
    i.USART_SendData                         0x08000bbe   Section        0  stm32f4xx_usart.o(i.USART_SendData)
    i.__NVIC_ClearPendingIRQ                 0x08000bc8   Section        0  gpio.o(i.__NVIC_ClearPendingIRQ)
    __NVIC_ClearPendingIRQ                   0x08000bc9   Thumb Code    22  gpio.o(i.__NVIC_ClearPendingIRQ)
    i.__NVIC_ClearPendingIRQ                 0x08000be4   Section        0  uart.o(i.__NVIC_ClearPendingIRQ)
    __NVIC_ClearPendingIRQ                   0x08000be5   Thumb Code    22  uart.o(i.__NVIC_ClearPendingIRQ)
    i.__NVIC_EnableIRQ                       0x08000c00   Section        0  gpio.o(i.__NVIC_EnableIRQ)
    __NVIC_EnableIRQ                         0x08000c01   Thumb Code    34  gpio.o(i.__NVIC_EnableIRQ)
    i.__NVIC_GetPriorityGrouping             0x08000c24   Section        0  gpio.o(i.__NVIC_GetPriorityGrouping)
    __NVIC_GetPriorityGrouping               0x08000c25   Thumb Code    10  gpio.o(i.__NVIC_GetPriorityGrouping)
    i.__NVIC_SetPriority                     0x08000c34   Section        0  gpio.o(i.__NVIC_SetPriority)
    __NVIC_SetPriority                       0x08000c35   Thumb Code    32  gpio.o(i.__NVIC_SetPriority)
    i.__NVIC_SetPriority                     0x08000c5c   Section        0  timer.o(i.__NVIC_SetPriority)
    __NVIC_SetPriority                       0x08000c5d   Thumb Code    32  timer.o(i.__NVIC_SetPriority)
    i.button_press_isr                       0x08000c84   Section        0  main.o(i.button_press_isr)
    i.delay_ms                               0x08000cb4   Section        0  delay.o(i.delay_ms)
    i.gpio_set                               0x08000d08   Section        0  gpio.o(i.gpio_set)
    i.gpio_set_callback                      0x08000d2c   Section        0  gpio.o(i.gpio_set_callback)
    i.gpio_set_mode                          0x08000fb8   Section        0  gpio.o(i.gpio_set_mode)
    i.gpio_set_trigger                       0x080010e4   Section        0  gpio.o(i.gpio_set_trigger)
    i.leds_init                              0x08001164   Section        0  leds.o(i.leds_init)
    i.leds_set                               0x0800118a   Section        0  leds.o(i.leds_set)
    i.main                                   0x080011cc   Section        0  main.o(i.main)
    i.queue_dequeue                          0x08001308   Section        0  queue.o(i.queue_dequeue)
    i.queue_enqueue                          0x08001338   Section        0  queue.o(i.queue_enqueue)
    i.queue_init                             0x08001366   Section        0  queue.o(i.queue_init)
    i.queue_is_empty                         0x08001388   Section        0  queue.o(i.queue_is_empty)
    i.queue_is_full                          0x0800139a   Section        0  queue.o(i.queue_is_full)
    i.timer_callback_isr                     0x080013b8   Section        0  main.o(i.timer_callback_isr)
    i.timer_enable                           0x080013ec   Section        0  timer.o(i.timer_enable)
    i.timer_init                             0x080013f8   Section        0  timer.o(i.timer_init)
    i.timer_set_callback                     0x080014d8   Section        0  timer.o(i.timer_set_callback)
    i.uart_enable                            0x080014e4   Section        0  uart.o(i.uart_enable)
    i.uart_init                              0x080014f4   Section        0  uart.o(i.uart_init)
    i.uart_print                             0x0800156c   Section        0  uart.o(i.uart_print)
    i.uart_rx                                0x08001584   Section        0  uart.o(i.uart_rx)
    i.uart_rx_isr                            0x080015a4   Section        0  main.o(i.uart_rx_isr)
    i.uart_set_rx_callback                   0x080015d0   Section        0  uart.o(i.uart_set_rx_callback)
    i.uart_tx                                0x08001644   Section        0  uart.o(i.uart_tx)
    x$fpl$ddiv                               0x08001664   Section      688  ddiv.o(x$fpl$ddiv)
    $v0                                      0x08001664   Number         0  ddiv.o(x$fpl$ddiv)
    ddiv_entry                               0x0800166b   Thumb Code     0  ddiv.o(x$fpl$ddiv)
    x$fpl$dfixu                              0x08001914   Section       90  dfixu.o(x$fpl$dfixu)
    $v0                                      0x08001914   Number         0  dfixu.o(x$fpl$dfixu)
    x$fpl$dfltu                              0x0800196e   Section       38  dflt_clz.o(x$fpl$dfltu)
    $v0                                      0x0800196e   Number         0  dflt_clz.o(x$fpl$dfltu)
    x$fpl$dnaninf                            0x08001994   Section      156  dnaninf.o(x$fpl$dnaninf)
    $v0                                      0x08001994   Number         0  dnaninf.o(x$fpl$dnaninf)
    x$fpl$dretinf                            0x08001a30   Section       12  dretinf.o(x$fpl$dretinf)
    $v0                                      0x08001a30   Number         0  dretinf.o(x$fpl$dretinf)
    x$fpl$fpinit                             0x08001a3c   Section       10  fpinit.o(x$fpl$fpinit)
    $v0                                      0x08001a3c   Number         0  fpinit.o(x$fpl$fpinit)
    x$fpl$usenofp                            0x08001a46   Section        0  usenofp.o(x$fpl$usenofp)
    .data                                    0x20000000   Section        6  main.o(.data)
    .data                                    0x20000008   Section       28  gpio.o(.data)
    GPIO_callback                            0x20000020   Data           4  gpio.o(.data)
    .data                                    0x20000024   Section       16  stm32f4xx_rcc.o(.data)
    APBAHBPrescTable                         0x20000024   Data          16  stm32f4xx_rcc.o(.data)
    .data                                    0x20000034   Section        8  timer.o(.data)
    timer_callback                           0x20000038   Data           4  timer.o(.data)
    .data                                    0x2000003c   Section        4  uart.o(.data)
    UART_callback                            0x2000003c   Data           4  uart.o(.data)
    .data                                    0x20000040   Section        4  system_stm32f4xx.o(.data)
    .bss                                     0x20000044   Section       16  main.o(.bss)
    .bss                                     0x20000054   Section       96  libspace.o(.bss)
    HEAP                                     0x200000b8   Section      512  startup_stm32f401xe.o(HEAP)
    Heap_Mem                                 0x200000b8   Data         512  startup_stm32f401xe.o(HEAP)
    STACK                                    0x200002b8   Section     1024  startup_stm32f401xe.o(STACK)
    Stack_Mem                                0x200002b8   Data        1024  startup_stm32f401xe.o(STACK)
    __initial_sp                             0x200006b8   Data           0  startup_stm32f401xe.o(STACK)

    Global Symbols

    Symbol Name                              Value     Ov Type        Size  Object(Section)

    BuildAttributes$$THM_ISAv4$E$P$D$K$B$S$7EM$VFPi3$EXTD16$VFPS$VFMA$PE$A:L22UL41UL21$X:L11$S22US41US21$IEEE1$IW$USESV6$~STKCKD$USESV7$~SHL$OTIME$ROPI$EBA8$UX$STANDARDLIB$REQ8$PRES8$EABIv2 0x00000000   Number         0  anon$$obj.o ABSOLUTE
    __ARM_use_no_argv                        0x00000000   Number         0  main.o ABSOLUTE
    __ARM_exceptions_init                     - Undefined Weak Reference
    __alloca_initialize                       - Undefined Weak Reference
    __arm_fini_                               - Undefined Weak Reference
    __arm_preinit_                            - Undefined Weak Reference
    __cpp_initialize__aeabi_                  - Undefined Weak Reference
    __cxa_finalize                            - Undefined Weak Reference
    __rt_locale                               - Undefined Weak Reference
    __sigvec_lookup                           - Undefined Weak Reference
    __user_heap_extent                        - Undefined Weak Reference
    _atexit_init                              - Undefined Weak Reference
    _call_atexit_fns                          - Undefined Weak Reference
    _clock_init                               - Undefined Weak Reference
    _fp_trap_init                             - Undefined Weak Reference
    _fp_trap_shutdown                         - Undefined Weak Reference
    _get_lc_collate                           - Undefined Weak Reference
    _get_lc_ctype                             - Undefined Weak Reference
    _get_lc_monetary                          - Undefined Weak Reference
    _get_lc_numeric                           - Undefined Weak Reference
    _get_lc_time                              - Undefined Weak Reference
    _getenv_init                              - Undefined Weak Reference
    _handle_redirection                       - Undefined Weak Reference
    _initio                                   - Undefined Weak Reference
    _mutex_acquire                            - Undefined Weak Reference
    _mutex_free                               - Undefined Weak Reference
    _mutex_release                            - Undefined Weak Reference
    _rand_init                                - Undefined Weak Reference
    _signal_finish                            - Undefined Weak Reference
    _signal_init                              - Undefined Weak Reference
    _terminateio                              - Undefined Weak Reference
    __Vectors_Size                           0x00000194   Number         0  startup_stm32f401xe.o ABSOLUTE
    __Vectors                                0x08000000   Data           4  startup_stm32f401xe.o(RESET)
    __Vectors_End                            0x08000194   Data           0  startup_stm32f401xe.o(RESET)
    __main                                   0x08000195   Thumb Code     8  __main.o(!!!main)
    __scatterload                            0x0800019d   Thumb Code     0  __scatter.o(!!!scatter)
    __scatterload_rt2                        0x0800019d   Thumb Code    44  __scatter.o(!!!scatter)
    __scatterload_rt2_thumb_only             0x0800019d   Thumb Code     0  __scatter.o(!!!scatter)
    __scatterload_null                       0x080001ab   Thumb Code     0  __scatter.o(!!!scatter)
    __scatterload_copy                       0x080001d1   Thumb Code    26  __scatter_copy.o(!!handler_copy)
    __scatterload_zeroinit                   0x080001ed   Thumb Code    28  __scatter_zi.o(!!handler_zi)
    __rt_lib_init                            0x08000209   Thumb Code     0  libinit.o(.ARM.Collect$$libinit$$00000000)
    __rt_lib_init_fp_1                       0x0800020b   Thumb Code     0  libinit2.o(.ARM.Collect$$libinit$$00000001)
    __rt_lib_init_heap_2                     0x0800020f   Thumb Code     0  libinit2.o(.ARM.Collect$$libinit$$00000005)
    __rt_lib_init_preinit_1                  0x0800020f   Thumb Code     0  libinit2.o(.ARM.Collect$$libinit$$00000004)
    __rt_lib_init_alloca_1                   0x08000217   Thumb Code     0  libinit2.o(.ARM.Collect$$libinit$$0000002E)
    __rt_lib_init_argv_1                     0x08000217   Thumb Code     0  libinit2.o(.ARM.Collect$$libinit$$0000002C)
    __rt_lib_init_atexit_1                   0x08000217   Thumb Code     0  libinit2.o(.ARM.Collect$$libinit$$0000001B)
    __rt_lib_init_clock_1                    0x08000217   Thumb Code     0  libinit2.o(.ARM.Collect$$libinit$$00000021)
    __rt_lib_init_cpp_1                      0x08000217   Thumb Code     0  libinit2.o(.ARM.Collect$$libinit$$00000032)
    __rt_lib_init_exceptions_1               0x08000217   Thumb Code     0  libinit2.o(.ARM.Collect$$libinit$$00000030)
    __rt_lib_init_fp_trap_1                  0x08000217   Thumb Code     0  libinit2.o(.ARM.Collect$$libinit$$0000001F)
    __rt_lib_init_getenv_1                   0x08000217   Thumb Code     0  libinit2.o(.ARM.Collect$$libinit$$00000023)
    __rt_lib_init_heap_1                     0x08000217   Thumb Code     0  libinit2.o(.ARM.Collect$$libinit$$0000000A)
    __rt_lib_init_lc_collate_1               0x08000217   Thumb Code     0  libinit2.o(.ARM.Collect$$libinit$$00000011)
    __rt_lib_init_lc_ctype_1                 0x08000217   Thumb Code     0  libinit2.o(.ARM.Collect$$libinit$$00000013)
    __rt_lib_init_lc_monetary_1              0x08000217   Thumb Code     0  libinit2.o(.ARM.Collect$$libinit$$00000015)
    __rt_lib_init_lc_numeric_1               0x08000217   Thumb Code     0  libinit2.o(.ARM.Collect$$libinit$$00000017)
    __rt_lib_init_lc_time_1                  0x08000217   Thumb Code     0  libinit2.o(.ARM.Collect$$libinit$$00000019)
    __rt_lib_init_rand_1                     0x08000217   Thumb Code     0  libinit2.o(.ARM.Collect$$libinit$$0000000E)
    __rt_lib_init_return                     0x08000217   Thumb Code     0  libinit2.o(.ARM.Collect$$libinit$$00000033)
    __rt_lib_init_signal_1                   0x08000217   Thumb Code     0  libinit2.o(.ARM.Collect$$libinit$$0000001D)
    __rt_lib_init_stdio_1                    0x08000217   Thumb Code     0  libinit2.o(.ARM.Collect$$libinit$$00000025)
    __rt_lib_init_user_alloc_1               0x08000217   Thumb Code     0  libinit2.o(.ARM.Collect$$libinit$$0000000C)
    __rt_lib_shutdown                        0x08000219   Thumb Code     0  libshutdown.o(.ARM.Collect$$libshutdown$$00000000)
    __rt_lib_shutdown_cpp_1                  0x0800021b   Thumb Code     0  libshutdown2.o(.ARM.Collect$$libshutdown$$00000004)
    __rt_lib_shutdown_fini_1                 0x0800021b   Thumb Code     0  libshutdown2.o(.ARM.Collect$$libshutdown$$00000002)
    __rt_lib_shutdown_fp_trap_1              0x0800021b   Thumb Code     0  libshutdown2.o(.ARM.Collect$$libshutdown$$00000009)
    __rt_lib_shutdown_heap_1                 0x0800021b   Thumb Code     0  libshutdown2.o(.ARM.Collect$$libshutdown$$00000011)
    __rt_lib_shutdown_return                 0x0800021b   Thumb Code     0  libshutdown2.o(.ARM.Collect$$libshutdown$$00000012)
    __rt_lib_shutdown_signal_1               0x0800021b   Thumb Code     0  libshutdown2.o(.ARM.Collect$$libshutdown$$0000000C)
    __rt_lib_shutdown_stdio_1                0x0800021b   Thumb Code     0  libshutdown2.o(.ARM.Collect$$libshutdown$$00000006)
    __rt_lib_shutdown_user_alloc_1           0x0800021b   Thumb Code     0  libshutdown2.o(.ARM.Collect$$libshutdown$$0000000E)
    __rt_entry                               0x0800021d   Thumb Code     0  __rtentry.o(.ARM.Collect$$rtentry$$00000000)
    __rt_entry_presh_1                       0x0800021d   Thumb Code     0  __rtentry2.o(.ARM.Collect$$rtentry$$00000002)
    __rt_entry_sh                            0x0800021d   Thumb Code     0  __rtentry4.o(.ARM.Collect$$rtentry$$00000004)
    __rt_entry_li                            0x08000223   Thumb Code     0  __rtentry2.o(.ARM.Collect$$rtentry$$0000000A)
    __rt_entry_postsh_1                      0x08000223   Thumb Code     0  __rtentry2.o(.ARM.Collect$$rtentry$$00000009)
    __rt_entry_main                          0x08000227   Thumb Code     0  __rtentry2.o(.ARM.Collect$$rtentry$$0000000D)
    __rt_entry_postli_1                      0x08000227   Thumb Code     0  __rtentry2.o(.ARM.Collect$$rtentry$$0000000C)
    __rt_exit                                0x0800022f   Thumb Code     0  rtexit.o(.ARM.Collect$$rtexit$$00000000)
    __rt_exit_ls                             0x08000231   Thumb Code     0  rtexit2.o(.ARM.Collect$$rtexit$$00000003)
    __rt_exit_prels_1                        0x08000231   Thumb Code     0  rtexit2.o(.ARM.Collect$$rtexit$$00000002)
    __rt_exit_exit                           0x08000235   Thumb Code     0  rtexit2.o(.ARM.Collect$$rtexit$$00000004)
    delay_cycles                             0x0800023d   Thumb Code    12  delay.o(.emb_text)
    Reset_Handler                            0x08000249   Thumb Code     8  startup_stm32f401xe.o(.text)
    _maybe_terminate_alloc                   0x08000249   Thumb Code     0  maybetermalloc1.o(.emb_text)
    NMI_Handler                              0x08000251   Thumb Code     2  startup_stm32f401xe.o(.text)
    HardFault_Handler                        0x08000253   Thumb Code     2  startup_stm32f401xe.o(.text)
    MemManage_Handler                        0x08000255   Thumb Code     2  startup_stm32f401xe.o(.text)
    BusFault_Handler                         0x08000257   Thumb Code     2  startup_stm32f401xe.o(.text)
    UsageFault_Handler                       0x08000259   Thumb Code     2  startup_stm32f401xe.o(.text)
    SVC_Handler                              0x0800025b   Thumb Code     2  startup_stm32f401xe.o(.text)
    DebugMon_Handler                         0x0800025d   Thumb Code     2  startup_stm32f401xe.o(.text)
    PendSV_Handler                           0x0800025f   Thumb Code     2  startup_stm32f401xe.o(.text)
    ADC_IRQHandler                           0x08000263   Thumb Code     0  startup_stm32f401xe.o(.text)
    DMA1_Stream0_IRQHandler                  0x08000263   Thumb Code     0  startup_stm32f401xe.o(.text)
    DMA1_Stream1_IRQHandler                  0x08000263   Thumb Code     0  startup_stm32f401xe.o(.text)
    DMA1_Stream2_IRQHandler                  0x08000263   Thumb Code     0  startup_stm32f401xe.o(.text)
    DMA1_Stream3_IRQHandler                  0x08000263   Thumb Code     0  startup_stm32f401xe.o(.text)
    DMA1_Stream4_IRQHandler                  0x08000263   Thumb Code     0  startup_stm32f401xe.o(.text)
    DMA1_Stream5_IRQHandler                  0x08000263   Thumb Code     0  startup_stm32f401xe.o(.text)
    DMA1_Stream6_IRQHandler                  0x08000263   Thumb Code     0  startup_stm32f401xe.o(.text)
    DMA1_Stream7_IRQHandler                  0x08000263   Thumb Code     0  startup_stm32f401xe.o(.text)
    DMA2_Stream0_IRQHandler                  0x08000263   Thumb Code     0  startup_stm32f401xe.o(.text)
    DMA2_Stream1_IRQHandler                  0x08000263   Thumb Code     0  startup_stm32f401xe.o(.text)
    DMA2_Stream2_IRQHandler                  0x08000263   Thumb Code     0  startup_stm32f401xe.o(.text)
    DMA2_Stream3_IRQHandler                  0x08000263   Thumb Code     0  startup_stm32f401xe.o(.text)
    DMA2_Stream4_IRQHandler                  0x08000263   Thumb Code     0  startup_stm32f401xe.o(.text)
    DMA2_Stream5_IRQHandler                  0x08000263   Thumb Code     0  startup_stm32f401xe.o(.text)
    DMA2_Stream6_IRQHandler                  0x08000263   Thumb Code     0  startup_stm32f401xe.o(.text)
    DMA2_Stream7_IRQHandler                  0x08000263   Thumb Code     0  startup_stm32f401xe.o(.text)
    FLASH_IRQHandler                         0x08000263   Thumb Code     0  startup_stm32f401xe.o(.text)
    FPU_IRQHandler                           0x08000263   Thumb Code     0  startup_stm32f401xe.o(.text)
    I2C1_ER_IRQHandler                       0x08000263   Thumb Code     0  startup_stm32f401xe.o(.text)
    I2C1_EV_IRQHandler                       0x08000263   Thumb Code     0  startup_stm32f401xe.o(.text)
    I2C2_ER_IRQHandler                       0x08000263   Thumb Code     0  startup_stm32f401xe.o(.text)
    I2C2_EV_IRQHandler                       0x08000263   Thumb Code     0  startup_stm32f401xe.o(.text)
    I2C3_ER_IRQHandler                       0x08000263   Thumb Code     0  startup_stm32f401xe.o(.text)
    I2C3_EV_IRQHandler                       0x08000263   Thumb Code     0  startup_stm32f401xe.o(.text)
    OTG_FS_IRQHandler                        0x08000263   Thumb Code     0  startup_stm32f401xe.o(.text)
    OTG_FS_WKUP_IRQHandler                   0x08000263   Thumb Code     0  startup_stm32f401xe.o(.text)
    PVD_IRQHandler                           0x08000263   Thumb Code     0  startup_stm32f401xe.o(.text)
    RCC_IRQHandler                           0x08000263   Thumb Code     0  startup_stm32f401xe.o(.text)
    RTC_Alarm_IRQHandler                     0x08000263   Thumb Code     0  startup_stm32f401xe.o(.text)
    RTC_WKUP_IRQHandler                      0x08000263   Thumb Code     0  startup_stm32f401xe.o(.text)
    SDIO_IRQHandler                          0x08000263   Thumb Code     0  startup_stm32f401xe.o(.text)
    SPI1_IRQHandler                          0x08000263   Thumb Code     0  startup_stm32f401xe.o(.text)
    SPI2_IRQHandler                          0x08000263   Thumb Code     0  startup_stm32f401xe.o(.text)
    SPI3_IRQHandler                          0x08000263   Thumb Code     0  startup_stm32f401xe.o(.text)
    SPI4_IRQHandler                          0x08000263   Thumb Code     0  startup_stm32f401xe.o(.text)
    TAMP_STAMP_IRQHandler                    0x08000263   Thumb Code     0  startup_stm32f401xe.o(.text)
    TIM1_BRK_TIM9_IRQHandler                 0x08000263   Thumb Code     0  startup_stm32f401xe.o(.text)
    TIM1_CC_IRQHandler                       0x08000263   Thumb Code     0  startup_stm32f401xe.o(.text)
    TIM1_TRG_COM_TIM11_IRQHandler            0x08000263   Thumb Code     0  startup_stm32f401xe.o(.text)
    TIM1_UP_TIM10_IRQHandler                 0x08000263   Thumb Code     0  startup_stm32f401xe.o(.text)
    TIM2_IRQHandler                          0x08000263   Thumb Code     0  startup_stm32f401xe.o(.text)
    TIM3_IRQHandler                          0x08000263   Thumb Code     0  startup_stm32f401xe.o(.text)
    TIM4_IRQHandler                          0x08000263   Thumb Code     0  startup_stm32f401xe.o(.text)
    TIM5_IRQHandler                          0x08000263   Thumb Code     0  startup_stm32f401xe.o(.text)
    USART1_IRQHandler                        0x08000263   Thumb Code     0  startup_stm32f401xe.o(.text)
    USART6_IRQHandler                        0x08000263   Thumb Code     0  startup_stm32f401xe.o(.text)
    WWDG_IRQHandler                          0x08000263   Thumb Code     0  startup_stm32f401xe.o(.text)
    __user_initial_stackheap                 0x08000265   Thumb Code     0  startup_stm32f401xe.o(.text)
    malloc                                   0x08000289   Thumb Code    94  h1_alloc.o(.text)
    __use_two_region_memory                  0x080002e7   Thumb Code     2  heapauxi.o(.text)
    __rt_heap_escrow                         0x080002e9   Thumb Code     2  heapauxi.o(.text)
    __rt_heap_expand                         0x080002eb   Thumb Code     2  heapauxi.o(.text)
    __rt_heap_descriptor                     0x080002ed   Thumb Code     8  rt_heap_descriptor_intlibspace.o(.text)
    __use_no_heap                            0x080002f5   Thumb Code     2  hguard.o(.text)
    __heap$guard                             0x080002f7   Thumb Code     2  hguard.o(.text)
    _terminate_user_alloc                    0x080002f9   Thumb Code     2  init_alloc.o(.text)
    _init_user_alloc                         0x080002fb   Thumb Code     2  init_alloc.o(.text)
    __Heap_Full                              0x080002fd   Thumb Code    34  init_alloc.o(.text)
    __Heap_Broken                            0x0800031f   Thumb Code     6  init_alloc.o(.text)
    _init_alloc                              0x08000325   Thumb Code    94  init_alloc.o(.text)
    __Heap_Initialize                        0x08000383   Thumb Code    10  h1_init.o(.text)
    __Heap_DescSize                          0x0800038d   Thumb Code     4  h1_init.o(.text)
    free                                     0x08000391   Thumb Code    78  h1_free.o(.text)
    __user_libspace                          0x080003e1   Thumb Code     8  libspace.o(.text)
    __user_perproc_libspace                  0x080003e1   Thumb Code     0  libspace.o(.text)
    __user_perthread_libspace                0x080003e1   Thumb Code     0  libspace.o(.text)
    __Heap_ProvideMemory                     0x080003e9   Thumb Code    52  h1_extend.o(.text)
    __rt_SIGRTMEM                            0x0800041d   Thumb Code    14  defsig_rtmem_outer.o(.text)
    __I$use$semihosting                      0x0800042b   Thumb Code     0  use_no_semi.o(.text)
    __use_no_semihosting_swi                 0x0800042b   Thumb Code     2  use_no_semi.o(.text)
    __semihosting_library_function           0x0800042d   Thumb Code     0  indicate_semi.o(.text)
    __user_setup_stackheap                   0x0800042d   Thumb Code    74  sys_stackheap_outer.o(.text)
    exit                                     0x08000477   Thumb Code    18  exit.o(.text)
    __sig_exit                               0x08000489   Thumb Code    10  defsig_exit.o(.text)
    __rt_SIGRTMEM_inner                      0x08000495   Thumb Code    22  defsig_rtmem_inner.o(.text)
    _sys_exit                                0x080004e5   Thumb Code     8  sys_exit.o(.text)
    __default_signal_display                 0x080004f1   Thumb Code    50  defsig_general.o(.text)
    _ttywrch                                 0x08000523   Thumb Code    14  sys_wrch.o(.text)
    EXTI0_IRQHandler                         0x08000531   Thumb Code    82  gpio.o(i.EXTI0_IRQHandler)
    EXTI15_10_IRQHandler                     0x0800059d   Thumb Code    82  gpio.o(i.EXTI15_10_IRQHandler)
    EXTI1_IRQHandler                         0x08000609   Thumb Code    82  gpio.o(i.EXTI1_IRQHandler)
    EXTI2_IRQHandler                         0x08000675   Thumb Code    82  gpio.o(i.EXTI2_IRQHandler)
    EXTI3_IRQHandler                         0x080006e1   Thumb Code    82  gpio.o(i.EXTI3_IRQHandler)
    EXTI4_IRQHandler                         0x0800074d   Thumb Code    82  gpio.o(i.EXTI4_IRQHandler)
    EXTI9_5_IRQHandler                       0x080007b9   Thumb Code    82  gpio.o(i.EXTI9_5_IRQHandler)
    GPIO_Init                                0x08000825   Thumb Code   144  stm32f4xx_gpio.o(i.GPIO_Init)
    GPIO_PinAFConfig                         0x080008b5   Thumb Code    70  stm32f4xx_gpio.o(i.GPIO_PinAFConfig)
    RCC_AHB1PeriphClockCmd                   0x0800093d   Thumb Code    26  stm32f4xx_rcc.o(i.RCC_AHB1PeriphClockCmd)
    RCC_APB1PeriphClockCmd                   0x0800095d   Thumb Code    26  stm32f4xx_rcc.o(i.RCC_APB1PeriphClockCmd)
    RCC_GetClocksFreq                        0x0800097d   Thumb Code   214  stm32f4xx_rcc.o(i.RCC_GetClocksFreq)
    SysTick_Handler                          0x08000a65   Thumb Code    10  timer.o(i.SysTick_Handler)
    SystemInit                               0x08000a75   Thumb Code    14  system_stm32f4xx.o(i.SystemInit)
    USART2_IRQHandler                        0x08000a89   Thumb Code    32  uart.o(i.USART2_IRQHandler)
    USART_Cmd                                0x08000ab1   Thumb Code    24  stm32f4xx_usart.o(i.USART_Cmd)
    USART_GetFlagStatus                      0x08000ac9   Thumb Code    18  stm32f4xx_usart.o(i.USART_GetFlagStatus)
    USART_Init                               0x08000add   Thumb Code   206  stm32f4xx_usart.o(i.USART_Init)
    USART_ReceiveData                        0x08000bb5   Thumb Code    10  stm32f4xx_usart.o(i.USART_ReceiveData)
    USART_SendData                           0x08000bbf   Thumb Code     8  stm32f4xx_usart.o(i.USART_SendData)
    button_press_isr                         0x08000c85   Thumb Code    44  main.o(i.button_press_isr)
    delay_ms                                 0x08000cb5   Thumb Code    78  delay.o(i.delay_ms)
    gpio_set                                 0x08000d09   Thumb Code    30  gpio.o(i.gpio_set)
    gpio_set_callback                        0x08000d2d   Thumb Code   620  gpio.o(i.gpio_set_callback)
    gpio_set_mode                            0x08000fb9   Thumb Code   288  gpio.o(i.gpio_set_mode)
    gpio_set_trigger                         0x080010e5   Thumb Code   124  gpio.o(i.gpio_set_trigger)
    leds_init                                0x08001165   Thumb Code    38  leds.o(i.leds_init)
    leds_set                                 0x0800118b   Thumb Code    64  leds.o(i.leds_set)
    main                                     0x080011cd   Thumb Code   240  main.o(i.main)
    queue_dequeue                            0x08001309   Thumb Code    48  queue.o(i.queue_dequeue)
    queue_enqueue                            0x08001339   Thumb Code    46  queue.o(i.queue_enqueue)
    queue_init                               0x08001367   Thumb Code    34  queue.o(i.queue_init)
    queue_is_empty                           0x08001389   Thumb Code    18  queue.o(i.queue_is_empty)
    queue_is_full                            0x0800139b   Thumb Code    30  queue.o(i.queue_is_full)
    timer_callback_isr                       0x080013b9   Thumb Code    44  main.o(i.timer_callback_isr)
    timer_enable                             0x080013ed   Thumb Code    10  timer.o(i.timer_enable)
    timer_init                               0x080013f9   Thumb Code   208  timer.o(i.timer_init)
    timer_set_callback                       0x080014d9   Thumb Code     6  timer.o(i.timer_set_callback)
    uart_enable                              0x080014e5   Thumb Code    12  uart.o(i.uart_enable)
    uart_init                                0x080014f5   Thumb Code   112  uart.o(i.uart_init)
    uart_print                               0x0800156d   Thumb Code    22  uart.o(i.uart_print)
    uart_rx                                  0x08001585   Thumb Code    28  uart.o(i.uart_rx)
    uart_rx_isr                              0x080015a5   Thumb Code    38  main.o(i.uart_rx_isr)
    uart_set_rx_callback                     0x080015d1   Thumb Code   100  uart.o(i.uart_set_rx_callback)
    uart_tx                                  0x08001645   Thumb Code    28  uart.o(i.uart_tx)
    __aeabi_ddiv                             0x08001665   Thumb Code     0  ddiv.o(x$fpl$ddiv)
    _ddiv                                    0x08001665   Thumb Code   552  ddiv.o(x$fpl$ddiv)
    __aeabi_d2uiz                            0x08001915   Thumb Code     0  dfixu.o(x$fpl$dfixu)
    _dfixu                                   0x08001915   Thumb Code    90  dfixu.o(x$fpl$dfixu)
    __aeabi_ui2d                             0x0800196f   Thumb Code     0  dflt_clz.o(x$fpl$dfltu)
    _dfltu                                   0x0800196f   Thumb Code    38  dflt_clz.o(x$fpl$dfltu)
    __fpl_dnaninf                            0x08001995   Thumb Code   156  dnaninf.o(x$fpl$dnaninf)
    __fpl_dretinf                            0x08001a31   Thumb Code    12  dretinf.o(x$fpl$dretinf)
    _fp_init                                 0x08001a3d   Thumb Code    10  fpinit.o(x$fpl$fpinit)
    __fplib_config_fpu_vfp                   0x08001a45   Thumb Code     0  fpinit.o(x$fpl$fpinit)
    __fplib_config_pureend_doubles           0x08001a45   Thumb Code     0  fpinit.o(x$fpl$fpinit)
    __I$use$fp                               0x08001a46   Number         0  usenofp.o(x$fpl$usenofp)
    Region$$Table$$Base                      0x08001a48   Number         0  anon$$obj.o(Region$$Table)
    Region$$Table$$Limit                     0x08001a68   Number         0  anon$$obj.o(Region$$Table)
    lightsOn                                 0x20000000   Data           4  main.o(.data)
    blue                                     0x20000004   Data           1  main.o(.data)
    vowel                                    0x20000005   Data           1  main.o(.data)
    IRQ_status                               0x20000008   Data           4  gpio.o(.data)
    IRQ_port_num                             0x2000000c   Data           4  gpio.o(.data)
    IRQ_pin_index                            0x20000010   Data           4  gpio.o(.data)
    EXTI_port_set                            0x20000014   Data           4  gpio.o(.data)
    prioritygroup                            0x20000018   Data           4  gpio.o(.data)
    priority                                 0x2000001c   Data           4  gpio.o(.data)
    timer_period                             0x20000034   Data           4  timer.o(.data)
    SystemCoreClock                          0x20000040   Data           4  system_stm32f4xx.o(.data)
    rx_queue                                 0x20000044   Data          16  main.o(.bss)
    __libspace_start                         0x20000054   Data          96  libspace.o(.bss)
    __temporary_stack_top$libspace           0x200000b4   Data           0  libspace.o(.bss)



==============================================================================

Memory Map of the image

  Image Entry point : 0x08000195

  Load Region LR_IROM1 (Base: 0x08000000, Size: 0x00001aac, Max: 0x00080000, ABSOLUTE)

    Execution Region ER_IROM1 (Exec base: 0x08000000, Load base: 0x08000000, Size: 0x00001a68, Max: 0x00080000, ABSOLUTE)

    Exec Addr    Load Addr    Size         Type   Attr      Idx    E Section Name        Object

    0x08000000   0x08000000   0x00000194   Data   RO         1557    RESET               startup_stm32f401xe.o
    0x08000194   0x08000194   0x00000008   Code   RO         1659  * !!!main             c_w.l(__main.o)
    0x0800019c   0x0800019c   0x00000034   Code   RO         1889    !!!scatter          c_w.l(__scatter.o)
    0x080001d0   0x080001d0   0x0000001a   Code   RO         1891    !!handler_copy      c_w.l(__scatter_copy.o)
    0x080001ea   0x080001ea   0x00000002   PAD
    0x080001ec   0x080001ec   0x0000001c   Code   RO         1893    !!handler_zi        c_w.l(__scatter_zi.o)
    0x08000208   0x08000208   0x00000002   Code   RO         1826    .ARM.Collect$$libinit$$00000000  c_w.l(libinit.o)
    0x0800020a   0x0800020a   0x00000004   Code   RO         1713    .ARM.Collect$$libinit$$00000001  c_w.l(libinit2.o)
    0x0800020e   0x0800020e   0x00000000   Code   RO         1716    .ARM.Collect$$libinit$$00000004  c_w.l(libinit2.o)
    0x0800020e   0x0800020e   0x00000008   Code   RO         1717    .ARM.Collect$$libinit$$00000005  c_w.l(libinit2.o)
    0x08000216   0x08000216   0x00000000   Code   RO         1719    .ARM.Collect$$libinit$$0000000A  c_w.l(libinit2.o)
    0x08000216   0x08000216   0x00000000   Code   RO         1721    .ARM.Collect$$libinit$$0000000C  c_w.l(libinit2.o)
    0x08000216   0x08000216   0x00000000   Code   RO         1723    .ARM.Collect$$libinit$$0000000E  c_w.l(libinit2.o)
    0x08000216   0x08000216   0x00000000   Code   RO         1726    .ARM.Collect$$libinit$$00000011  c_w.l(libinit2.o)
    0x08000216   0x08000216   0x00000000   Code   RO         1728    .ARM.Collect$$libinit$$00000013  c_w.l(libinit2.o)
    0x08000216   0x08000216   0x00000000   Code   RO         1730    .ARM.Collect$$libinit$$00000015  c_w.l(libinit2.o)
    0x08000216   0x08000216   0x00000000   Code   RO         1732    .ARM.Collect$$libinit$$00000017  c_w.l(libinit2.o)
    0x08000216   0x08000216   0x00000000   Code   RO         1734    .ARM.Collect$$libinit$$00000019  c_w.l(libinit2.o)
    0x08000216   0x08000216   0x00000000   Code   RO         1736    .ARM.Collect$$libinit$$0000001B  c_w.l(libinit2.o)
    0x08000216   0x08000216   0x00000000   Code   RO         1738    .ARM.Collect$$libinit$$0000001D  c_w.l(libinit2.o)
    0x08000216   0x08000216   0x00000000   Code   RO         1740    .ARM.Collect$$libinit$$0000001F  c_w.l(libinit2.o)
    0x08000216   0x08000216   0x00000000   Code   RO         1742    .ARM.Collect$$libinit$$00000021  c_w.l(libinit2.o)
    0x08000216   0x08000216   0x00000000   Code   RO         1744    .ARM.Collect$$libinit$$00000023  c_w.l(libinit2.o)
    0x08000216   0x08000216   0x00000000   Code   RO         1746    .ARM.Collect$$libinit$$00000025  c_w.l(libinit2.o)
    0x08000216   0x08000216   0x00000000   Code   RO         1750    .ARM.Collect$$libinit$$0000002C  c_w.l(libinit2.o)
    0x08000216   0x08000216   0x00000000   Code   RO         1752    .ARM.Collect$$libinit$$0000002E  c_w.l(libinit2.o)
    0x08000216   0x08000216   0x00000000   Code   RO         1754    .ARM.Collect$$libinit$$00000030  c_w.l(libinit2.o)
    0x08000216   0x08000216   0x00000000   Code   RO         1756    .ARM.Collect$$libinit$$00000032  c_w.l(libinit2.o)
    0x08000216   0x08000216   0x00000002   Code   RO         1757    .ARM.Collect$$libinit$$00000033  c_w.l(libinit2.o)
    0x08000218   0x08000218   0x00000002   Code   RO         1886    .ARM.Collect$$libshutdown$$00000000  c_w.l(libshutdown.o)
    0x0800021a   0x0800021a   0x00000000   Code   RO         1840    .ARM.Collect$$libshutdown$$00000002  c_w.l(libshutdown2.o)
    0x0800021a   0x0800021a   0x00000000   Code   RO         1842    .ARM.Collect$$libshutdown$$00000004  c_w.l(libshutdown2.o)
    0x0800021a   0x0800021a   0x00000000   Code   RO         1844    .ARM.Collect$$libshutdown$$00000006  c_w.l(libshutdown2.o)
    0x0800021a   0x0800021a   0x00000000   Code   RO         1847    .ARM.Collect$$libshutdown$$00000009  c_w.l(libshutdown2.o)
    0x0800021a   0x0800021a   0x00000000   Code   RO         1850    .ARM.Collect$$libshutdown$$0000000C  c_w.l(libshutdown2.o)
    0x0800021a   0x0800021a   0x00000000   Code   RO         1852    .ARM.Collect$$libshutdown$$0000000E  c_w.l(libshutdown2.o)
    0x0800021a   0x0800021a   0x00000000   Code   RO         1855    .ARM.Collect$$libshutdown$$00000011  c_w.l(libshutdown2.o)
    0x0800021a   0x0800021a   0x00000002   Code   RO         1856    .ARM.Collect$$libshutdown$$00000012  c_w.l(libshutdown2.o)
    0x0800021c   0x0800021c   0x00000000   Code   RO         1677    .ARM.Collect$$rtentry$$00000000  c_w.l(__rtentry.o)
    0x0800021c   0x0800021c   0x00000000   Code   RO         1769    .ARM.Collect$$rtentry$$00000002  c_w.l(__rtentry2.o)
    0x0800021c   0x0800021c   0x00000006   Code   RO         1781    .ARM.Collect$$rtentry$$00000004  c_w.l(__rtentry4.o)
    0x08000222   0x08000222   0x00000000   Code   RO         1771    .ARM.Collect$$rtentry$$00000009  c_w.l(__rtentry2.o)
    0x08000222   0x08000222   0x00000004   Code   RO         1772    .ARM.Collect$$rtentry$$0000000A  c_w.l(__rtentry2.o)
    0x08000226   0x08000226   0x00000000   Code   RO         1774    .ARM.Collect$$rtentry$$0000000C  c_w.l(__rtentry2.o)
    0x08000226   0x08000226   0x00000008   Code   RO         1775    .ARM.Collect$$rtentry$$0000000D  c_w.l(__rtentry2.o)
    0x0800022e   0x0800022e   0x00000002   Code   RO         1829    .ARM.Collect$$rtexit$$00000000  c_w.l(rtexit.o)
    0x08000230   0x08000230   0x00000000   Code   RO         1860    .ARM.Collect$$rtexit$$00000002  c_w.l(rtexit2.o)
    0x08000230   0x08000230   0x00000004   Code   RO         1861    .ARM.Collect$$rtexit$$00000003  c_w.l(rtexit2.o)
    0x08000234   0x08000234   0x00000006   Code   RO         1862    .ARM.Collect$$rtexit$$00000004  c_w.l(rtexit2.o)
    0x0800023a   0x0800023a   0x00000002   PAD
    0x0800023c   0x0800023c   0x0000000c   Code   RO          156    .emb_text           delay.o
    0x08000248   0x08000248   0x00000000   Code   RO         1785    .emb_text           c_w.l(maybetermalloc1.o)
    0x08000248   0x08000248   0x00000040   Code   RO         1558    .text               startup_stm32f401xe.o
    0x08000288   0x08000288   0x0000005e   Code   RO         1603    .text               c_w.l(h1_alloc.o)
    0x080002e6   0x080002e6   0x00000006   Code   RO         1657    .text               c_w.l(heapauxi.o)
    0x080002ec   0x080002ec   0x00000008   Code   RO         1681    .text               c_w.l(rt_heap_descriptor_intlibspace.o)
    0x080002f4   0x080002f4   0x00000004   Code   RO         1683    .text               c_w.l(hguard.o)
    0x080002f8   0x080002f8   0x0000008a   Code   RO         1685    .text               c_w.l(init_alloc.o)
    0x08000382   0x08000382   0x0000000e   Code   RO         1691    .text               c_w.l(h1_init.o)
    0x08000390   0x08000390   0x0000004e   Code   RO         1693    .text               c_w.l(h1_free.o)
    0x080003de   0x080003de   0x00000002   PAD
    0x080003e0   0x080003e0   0x00000008   Code   RO         1765    .text               c_w.l(libspace.o)
    0x080003e8   0x080003e8   0x00000034   Code   RO         1787    .text               c_w.l(h1_extend.o)
    0x0800041c   0x0800041c   0x0000000e   Code   RO         1791    .text               c_w.l(defsig_rtmem_outer.o)
    0x0800042a   0x0800042a   0x00000002   Code   RO         1802    .text               c_w.l(use_no_semi.o)
    0x0800042c   0x0800042c   0x00000000   Code   RO         1804    .text               c_w.l(indicate_semi.o)
    0x0800042c   0x0800042c   0x0000004a   Code   RO         1805    .text               c_w.l(sys_stackheap_outer.o)
    0x08000476   0x08000476   0x00000012   Code   RO         1811    .text               c_w.l(exit.o)
    0x08000488   0x08000488   0x0000000a   Code   RO         1813    .text               c_w.l(defsig_exit.o)
    0x08000492   0x08000492   0x00000002   PAD
    0x08000494   0x08000494   0x00000050   Code   RO         1815    .text               c_w.l(defsig_rtmem_inner.o)
    0x080004e4   0x080004e4   0x0000000c   Code   RO         1827    .text               c_w.l(sys_exit.o)
    0x080004f0   0x080004f0   0x00000032   Code   RO         1837    .text               c_w.l(defsig_general.o)
    0x08000522   0x08000522   0x0000000e   Code   RO         1857    .text               c_w.l(sys_wrch.o)
    0x08000530   0x08000530   0x0000006c   Code   RO          220    i.EXTI0_IRQHandler  gpio.o
    0x0800059c   0x0800059c   0x0000006c   Code   RO          221    i.EXTI15_10_IRQHandler  gpio.o
    0x08000608   0x08000608   0x0000006c   Code   RO          222    i.EXTI1_IRQHandler  gpio.o
    0x08000674   0x08000674   0x0000006c   Code   RO          223    i.EXTI2_IRQHandler  gpio.o
    0x080006e0   0x080006e0   0x0000006c   Code   RO          224    i.EXTI3_IRQHandler  gpio.o
    0x0800074c   0x0800074c   0x0000006c   Code   RO          225    i.EXTI4_IRQHandler  gpio.o
    0x080007b8   0x080007b8   0x0000006c   Code   RO          226    i.EXTI9_5_IRQHandler  gpio.o
    0x08000824   0x08000824   0x00000090   Code   RO          616    i.GPIO_Init         stm32f4xx_gpio.o
    0x080008b4   0x080008b4   0x00000046   Code   RO          617    i.GPIO_PinAFConfig  stm32f4xx_gpio.o
    0x080008fa   0x080008fa   0x00000040   Code   RO          227    i.NVIC_EncodePriority  gpio.o
    0x0800093a   0x0800093a   0x00000002   PAD
    0x0800093c   0x0800093c   0x00000020   Code   RO          939    i.RCC_AHB1PeriphClockCmd  stm32f4xx_rcc.o
    0x0800095c   0x0800095c   0x00000020   Code   RO          948    i.RCC_APB1PeriphClockCmd  stm32f4xx_rcc.o
    0x0800097c   0x0800097c   0x000000e8   Code   RO          960    i.RCC_GetClocksFreq  stm32f4xx_rcc.o
    0x08000a64   0x08000a64   0x00000010   Code   RO         1418    i.SysTick_Handler   timer.o
    0x08000a74   0x08000a74   0x00000014   Code   RO         1566    i.SystemInit        system_stm32f4xx.o
    0x08000a88   0x08000a88   0x00000028   Code   RO         1478    i.USART2_IRQHandler  uart.o
    0x08000ab0   0x08000ab0   0x00000018   Code   RO         1227    i.USART_Cmd         stm32f4xx_usart.o
    0x08000ac8   0x08000ac8   0x00000012   Code   RO         1230    i.USART_GetFlagStatus  stm32f4xx_usart.o
    0x08000ada   0x08000ada   0x00000002   PAD
    0x08000adc   0x08000adc   0x000000d8   Code   RO         1234    i.USART_Init        stm32f4xx_usart.o
    0x08000bb4   0x08000bb4   0x0000000a   Code   RO         1241    i.USART_ReceiveData  stm32f4xx_usart.o
    0x08000bbe   0x08000bbe   0x00000008   Code   RO         1244    i.USART_SendData    stm32f4xx_usart.o
    0x08000bc6   0x08000bc6   0x00000002   PAD
    0x08000bc8   0x08000bc8   0x0000001c   Code   RO          228    i.__NVIC_ClearPendingIRQ  gpio.o
    0x08000be4   0x08000be4   0x0000001c   Code   RO         1479    i.__NVIC_ClearPendingIRQ  uart.o
    0x08000c00   0x08000c00   0x00000022   Code   RO          229    i.__NVIC_EnableIRQ  gpio.o
    0x08000c22   0x08000c22   0x00000002   PAD
    0x08000c24   0x08000c24   0x00000010   Code   RO          230    i.__NVIC_GetPriorityGrouping  gpio.o
    0x08000c34   0x08000c34   0x00000028   Code   RO          231    i.__NVIC_SetPriority  gpio.o
    0x08000c5c   0x08000c5c   0x00000028   Code   RO         1419    i.__NVIC_SetPriority  timer.o
    0x08000c84   0x08000c84   0x00000030   Code   RO            4    i.button_press_isr  main.o
    0x08000cb4   0x08000cb4   0x00000054   Code   RO          157    i.delay_ms          delay.o
    0x08000d08   0x08000d08   0x00000024   Code   RO          234    i.gpio_set          gpio.o
    0x08000d2c   0x08000d2c   0x0000028c   Code   RO          235    i.gpio_set_callback  gpio.o
    0x08000fb8   0x08000fb8   0x0000012c   Code   RO          236    i.gpio_set_mode     gpio.o
    0x080010e4   0x080010e4   0x00000080   Code   RO          238    i.gpio_set_trigger  gpio.o
    0x08001164   0x08001164   0x00000026   Code   RO          190    i.leds_init         leds.o
    0x0800118a   0x0800118a   0x00000040   Code   RO          191    i.leds_set          leds.o
    0x080011ca   0x080011ca   0x00000002   PAD
    0x080011cc   0x080011cc   0x0000013c   Code   RO            5    i.main              main.o
    0x08001308   0x08001308   0x00000030   Code   RO          114    i.queue_dequeue     queue.o
    0x08001338   0x08001338   0x0000002e   Code   RO          115    i.queue_enqueue     queue.o
    0x08001366   0x08001366   0x00000022   Code   RO          116    i.queue_init        queue.o
    0x08001388   0x08001388   0x00000012   Code   RO          117    i.queue_is_empty    queue.o
    0x0800139a   0x0800139a   0x0000001e   Code   RO          118    i.queue_is_full     queue.o
    0x080013b8   0x080013b8   0x00000034   Code   RO            6    i.timer_callback_isr  main.o
    0x080013ec   0x080013ec   0x0000000a   Code   RO         1421    i.timer_enable      timer.o
    0x080013f6   0x080013f6   0x00000002   PAD
    0x080013f8   0x080013f8   0x000000e0   Code   RO         1422    i.timer_init        timer.o
    0x080014d8   0x080014d8   0x0000000c   Code   RO         1423    i.timer_set_callback  timer.o
    0x080014e4   0x080014e4   0x00000010   Code   RO         1480    i.uart_enable       uart.o
    0x080014f4   0x080014f4   0x00000078   Code   RO         1481    i.uart_init         uart.o
    0x0800156c   0x0800156c   0x00000016   Code   RO         1482    i.uart_print        uart.o
    0x08001582   0x08001582   0x00000002   PAD
    0x08001584   0x08001584   0x00000020   Code   RO         1483    i.uart_rx           uart.o
    0x080015a4   0x080015a4   0x0000002c   Code   RO            7    i.uart_rx_isr       main.o
    0x080015d0   0x080015d0   0x00000074   Code   RO         1484    i.uart_set_rx_callback  uart.o
    0x08001644   0x08001644   0x00000020   Code   RO         1485    i.uart_tx           uart.o
    0x08001664   0x08001664   0x000002b0   Code   RO         1662    x$fpl$ddiv          fz_wm.l(ddiv.o)
    0x08001914   0x08001914   0x0000005a   Code   RO         1665    x$fpl$dfixu         fz_wm.l(dfixu.o)
    0x0800196e   0x0800196e   0x00000026   Code   RO         1669    x$fpl$dfltu         fz_wm.l(dflt_clz.o)
    0x08001994   0x08001994   0x0000009c   Code   RO         1758    x$fpl$dnaninf       fz_wm.l(dnaninf.o)
    0x08001a30   0x08001a30   0x0000000c   Code   RO         1760    x$fpl$dretinf       fz_wm.l(dretinf.o)
    0x08001a3c   0x08001a3c   0x0000000a   Code   RO         1800    x$fpl$fpinit        fz_wm.l(fpinit.o)
    0x08001a46   0x08001a46   0x00000000   Code   RO         1762    x$fpl$usenofp       fz_wm.l(usenofp.o)
    0x08001a46   0x08001a46   0x00000002   PAD
    0x08001a48   0x08001a48   0x00000020   Data   RO         1887    Region$$Table       anon$$obj.o


    Execution Region RW_IRAM1 (Exec base: 0x20000000, Load base: 0x08001a68, Size: 0x000006b8, Max: 0x00018000, ABSOLUTE)

    Exec Addr    Load Addr    Size         Type   Attr      Idx    E Section Name        Object

    0x20000000   0x08001a68   0x00000006   Data   RW            9    .data               main.o
    0x20000006   0x08001a6e   0x00000002   PAD
    0x20000008   0x08001a70   0x0000001c   Data   RW          240    .data               gpio.o
    0x20000024   0x08001a8c   0x00000010   Data   RW          983    .data               stm32f4xx_rcc.o
    0x20000034   0x08001a9c   0x00000008   Data   RW         1424    .data               timer.o
    0x2000003c   0x08001aa4   0x00000004   Data   RW         1486    .data               uart.o
    0x20000040   0x08001aa8   0x00000004   Data   RW         1568    .data               system_stm32f4xx.o
    0x20000044        -       0x00000010   Zero   RW            8    .bss                main.o
    0x20000054        -       0x00000060   Zero   RW         1766    .bss                c_w.l(libspace.o)
    0x200000b4   0x08001aac   0x00000004   PAD
    0x200000b8        -       0x00000200   Zero   RW         1556    HEAP                startup_stm32f401xe.o
    0x200002b8        -       0x00000400   Zero   RW         1555    STACK               startup_stm32f401xe.o


==============================================================================

Image component sizes


      Code (inc. data)   RO Data    RW Data    ZI Data      Debug   Object Name

        96          6          0          0          0        899   delay.o
      2054        278          0         28          0      39397   gpio.o
       102          0          0          0          0       1015   leds.o
       460         94          0          6         16     315024   main.o
       176          0          0          0          0       3086   queue.o
        64         26        404          0       1536        840   startup_stm32f401xe.o
         0          0          0          0          0      15340   stm32f4xx_adc.o
       214          0          0          0          0       7979   stm32f4xx_gpio.o
       296         30          0         16          0       3646   stm32f4xx_rcc.o
       276         10          0          0          0       9508   stm32f4xx_usart.o
        20          6          0          4          0       1243   system_stm32f4xx.o
       302         36          0          8          0      33377   timer.o
       406         50          0          4          0      47125   uart.o

    ----------------------------------------------------------------------
      4480        536        436         68       1552     478479   Object Totals
         0          0         32          0          0          0   (incl. Generated)
        14          0          0          2          0          0   (incl. Padding)

    ----------------------------------------------------------------------

      Code (inc. data)   RO Data    RW Data    ZI Data      Debug   Library Member Name

         8          0          0          0          0         68   __main.o
         0          0          0          0          0          0   __rtentry.o
        12          0          0          0          0          0   __rtentry2.o
         6          0          0          0          0          0   __rtentry4.o
        52          8          0          0          0          0   __scatter.o
        26          0          0          0          0          0   __scatter_copy.o
        28          0          0          0          0          0   __scatter_zi.o
        10          0          0          0          0         68   defsig_exit.o
        50          0          0          0          0         88   defsig_general.o
        80         58          0          0          0         76   defsig_rtmem_inner.o
        14          0          0          0          0         80   defsig_rtmem_outer.o
        18          0          0          0          0         80   exit.o
        94          0          0          0          0         80   h1_alloc.o
        52          0          0          0          0         68   h1_extend.o
        78          0          0          0          0         80   h1_free.o
        14          0          0          0          0         84   h1_init.o
         6          0          0          0          0        152   heapauxi.o
         4          0          0          0          0        136   hguard.o
         0          0          0          0          0          0   indicate_semi.o
       138          0          0          0          0        168   init_alloc.o
         2          0          0          0          0          0   libinit.o
        14          0          0          0          0          0   libinit2.o
         2          0          0          0          0          0   libshutdown.o
         2          0          0          0          0          0   libshutdown2.o
         8          4          0          0         96         68   libspace.o
         0          0          0          0          0          0   maybetermalloc1.o
         8          4          0          0          0         68   rt_heap_descriptor_intlibspace.o
         2          0          0          0          0          0   rtexit.o
        10          0          0          0          0          0   rtexit2.o
        12          4          0          0          0         68   sys_exit.o
        74          0          0          0          0         80   sys_stackheap_outer.o
        14          0          0          0          0         76   sys_wrch.o
         2          0          0          0          0         68   use_no_semi.o
       688        140          0          0          0        256   ddiv.o
        90          4          0          0          0        140   dfixu.o
        38          0          0          0          0        116   dflt_clz.o
       156          4          0          0          0        140   dnaninf.o
        12          0          0          0          0        116   dretinf.o
        10          0          0          0          0        116   fpinit.o
         0          0          0          0          0          0   usenofp.o

    ----------------------------------------------------------------------
      1844        226          0          0        100       2540   Library Totals
        10          0          0          0          4          0   (incl. Padding)

    ----------------------------------------------------------------------

      Code (inc. data)   RO Data    RW Data    ZI Data      Debug   Library Name

       840         78          0          0         96       1656   c_w.l
       994        148          0          0          0        884   fz_wm.l

    ----------------------------------------------------------------------
      1844        226          0          0        100       2540   Library Totals

    ----------------------------------------------------------------------

==============================================================================


      Code (inc. data)   RO Data    RW Data    ZI Data      Debug   

      6324        762        436         68       1652     474787   Grand Totals
      6324        762        436         68       1652     474787   ELF Image Totals
      6324        762        436         68          0          0   ROM Totals

==============================================================================

    Total RO  Size (Code + RO Data)                 6760 (   6.60kB)
    Total RW  Size (RW Data + ZI Data)              1720 (   1.68kB)
    Total ROM Size (Code + RO Data + RW Data)       6828 (   6.67kB)

==============================================================================

